#
# Copyright 2021-2023 Aklivity Inc.
#
# Aklivity licenses this file to you under the Apache License,
# version 2.0 (the "License"); you may not use this file except in compliance
# with the License. You may obtain a copy of the License at:
#
#   http://www.apache.org/licenses/LICENSE-2.0
#
# Unless required by applicable law or agreed to in writing, software
# distributed under the License is distributed on an "AS IS" BASIS, WITHOUT
# WARRANTIES OR CONDITIONS OF ANY KIND, either express or implied. See the
# License for the specific language governing permissions and limitations
# under the License.
#

property networkConnectWindow 8192

property newRequestId ${kafka:newRequestId()}
property produceWaitMax 500

connect "zilla://streams/net0"
  option zilla:window ${networkConnectWindow}
  option zilla:transmission "duplex"
  option zilla:byteorder "network"

connected

write 26                                # size
      3s                                # metadata
      5s                                # v5
      ${newRequestId}
      5s "zilla"                        # client id
      1                                 # topics
        4s "test"                       #   "test" topic
      [0x00]                            # allow_auto_topic_creation

read 97                                 # size
     ${newRequestId}
     [0..4]
     1                                  # brokers
       0xb1                                 # broker id
       19s "broker1.example.com"            # host name
       9092                                 # port
       -1s                                  # no rack
     9s "cluster 1"                     # cluster id
     1                                  # controller id
     1                                  # topics
       0s                                 # no error
       4s "test"                          #   "test" topic
       [0x00]                             # not internal
       1                                  # partitions
         0s                                 # no error
         0                                  # partition
         0xb1                               # leader
         0                                  # no replicas
         -1                                 # no in-sync replicas
         0                                  # offline replicas

read notify ROUTED_BROKER_SERVER

connect await ROUTED_BROKER_SERVER
        "zilla://streams/net0"
  option zilla:window ${networkConnectWindow}
  option zilla:transmission "duplex"
  option zilla:byteorder "network"

write zilla:begin.ext ${proxy:beginEx()
                               .typeId(zilla:id("proxy"))
                               .addressInet()
                                 .protocol("stream")
                                 .source("0.0.0.0")
                                 .destination("broker1.example.com")
                                 .sourcePort(0)
                                 .destinationPort(9092)
                                 .build()
                               .info()
                                 .authority("broker1.example.com")
                                 .build()
                               .build()}

connected

write 462
     0s
     3s
     ${newRequestId}
     5s "zilla"                         # client id
     -1s
     0s
     ${produceWaitMax}
     1
     4s "test"
     1
     2
     417                                # record set size
     0L                                 # first offset
     405                                # length
     -1
     [0x02]
     1693603873
     8s
     0                                  # last offset delta
     1716424650323L                     # first timestamp
     1716424650323L                     # last timestamp
     -1L
     -1s
     -1
     1                                  # records
     ${kafka:varint(354)}
     [0x00]
     ${kafka:varint(0)}
     ${kafka:varint(0)}
     ${kafka:varint(8)}                 # key
     "bench/39"
     ${kafka:varint(256)}
     "aaaaaaaaaaaaaaaaaaaaaaaaaaaaaaaaaaaaaaaaaaaaaaaaaaaaaaaaaaaaaaaaaaaaaaaaaaaaaaaaaaaaaaaaaaaaaaaaaaaaaaaaaaaaaaaaaaaaaaaaaaaaaaaaaaaaaaaaaaaaaaaaaaaaaaaaaaaaaaaaaaaaaaaaaaaaaaaaaaaaaaaaaaaaaaaaaaaaaaaaaaaaaaaaaaaaaaaaaaaaaaaaaaaaaaaaaaaaaaaaaaaaaaaaaaaaaaaa"
     ${kafka:varint(4)}                 # headers
       ${kafka:varint(12)}                   # key size
       "zilla:filter"                            # key bytes
       ${kafka:varint(5)}                   # value size
       "bench"                             # value bytes
       ${kafka:varint(12)}                   # key size
       "zilla:filter"                            # key bytes
       ${kafka:varint(2)}                   # value size
       "39"                             # value bytes
       ${kafka:varint(11)}                   # key size
       "zilla:local"                            # key bytes
       ${kafka:varint(23)}                   # value size
       "bench_pub_2543774266_39"                             # value bytes
       ${kafka:varint(9)}                   # key size
       "zilla:qos"                            # key bytes
       ${kafka:varint(1)}                   # value size
       "0"                             # value bytes

write 462
     0s
     3s
     ${newRequestId}
     5s "zilla"                         # client id
     -1s
     0s
     ${produceWaitMax}
     1
     4s "test"
     1
     2
     417                                # record set size
     0L                                 # first offset
     405                                # length
     -1
     [0x02]
     1693603873
     8s
     0                                  # last offset delta
     1716424650323L                     # first timestamp
     1716424650323L                     # last timestamp
     -1L
     -1s
     -1
     1                                  # records
     ${kafka:varint(354)}
     [0x00]
     ${kafka:varint(0)}
     ${kafka:varint(0)}
     ${kafka:varint(8)}                 # key
     "bench/39"
     ${kafka:varint(256)}
     "aaaaaaaaaaaaaaaaaaaaaaaaaaaaaaaaaaaaaaaaaaaaaaaaaaaaaaaaaaaaaaaaaaaaaaaaaaaaaaaaaaaaaaaaaaaaaaaaaaaaaaaaaaaaaaaaaaaaaaaaaaaaaaaaaaaaaaaaaaaaaaaaaaaaaaaaaaaaaaaaaaaaaaaaaaaaaaaaaaaaaaaaaaaaaaaaaaaaaaaaaaaaaaaaaaaaaaaaaaaaaaaaaaaaaaaaaaaaaaaaaaaaaaaaaaaaaaaa"
     ${kafka:varint(4)}                 # headers
       ${kafka:varint(12)}                   # key size
       "zilla:filter"                            # key bytes
       ${kafka:varint(5)}                   # value size
       "bench"                             # value bytes
       ${kafka:varint(12)}                   # key size
       "zilla:filter"                            # key bytes
       ${kafka:varint(2)}                   # value size
       "39"                             # value bytes
       ${kafka:varint(11)}                   # key size
       "zilla:local"                            # key bytes
       ${kafka:varint(23)}                   # value size
       "bench_pub_2543774266_39"                             # value bytes
       ${kafka:varint(9)}                   # key size
       "zilla:qos"                            # key bytes
       ${kafka:varint(1)}                   # value size
       "0"                             # value bytes

write 462
     0s
     3s
     ${newRequestId}
     5s "zilla"                         # client id
     -1s
     0s
     ${produceWaitMax}
     1
     4s "test"
     1
     2
     417                                # record set size
     0L                                 # first offset
     405                                # length
     -1
     [0x02]
     1693603873
     8s
     0                                  # last offset delta
     1716424650323L                     # first timestamp
     1716424650323L                     # last timestamp
     -1L
     -1s
     -1
     1                                  # records
     ${kafka:varint(354)}
     [0x00]
     ${kafka:varint(0)}
     ${kafka:varint(0)}
     ${kafka:varint(8)}                 # key
     "bench/39"
     ${kafka:varint(256)}
     "aaaaaaaaaaaaaaaaaaaaaaaaaaaaaaaaaaaaaaaaaaaaaaaaaaaaaaaaaaaaaaaaaaaaaaaaaaaaaaaaaaaaaaaaaaaaaaaaaaaaaaaaaaaaaaaaaaaaaaaaaaaaaaaaaaaaaaaaaaaaaaaaaaaaaaaaaaaaaaaaaaaaaaaaaaaaaaaaaaaaaaaaaaaaaaaaaaaaaaaaaaaaaaaaaaaaaaaaaaaaaaaaaaaaaaaaaaaaaaaaaaaaaaaaaaaaaaaa"
     ${kafka:varint(4)}                 # headers
       ${kafka:varint(12)}                   # key size
       "zilla:filter"                            # key bytes
       ${kafka:varint(5)}                   # value size
       "bench"                             # value bytes
       ${kafka:varint(12)}                   # key size
       "zilla:filter"                            # key bytes
       ${kafka:varint(2)}                   # value size
       "39"                             # value bytes
       ${kafka:varint(11)}                   # key size
       "zilla:local"                            # key bytes
       ${kafka:varint(23)}                   # value size
       "bench_pub_2543774266_39"                             # value bytes
       ${kafka:varint(9)}                   # key size
       "zilla:qos"                            # key bytes
       ${kafka:varint(1)}                   # value size
       "0"                             # value bytes

write 462
     0s
     3s
     ${newRequestId}
     5s "zilla"                         # client id
     -1s
     0s
     ${produceWaitMax}
     1
     4s "test"
     1
     2
     417                                # record set size
     0L                                 # first offset
     405                                # length
     -1
     [0x02]
     1693603873
     8s
     0                                  # last offset delta
     1716424650323L                     # first timestamp
     1716424650323L                     # last timestamp
     -1L
     -1s
     -1
     1                                  # records
     ${kafka:varint(354)}
     [0x00]
     ${kafka:varint(0)}
     ${kafka:varint(0)}
     ${kafka:varint(8)}                 # key
     "bench/39"
     ${kafka:varint(256)}
     "aaaaaaaaaaaaaaaaaaaaaaaaaaaaaaaaaaaaaaaaaaaaaaaaaaaaaaaaaaaaaaaaaaaaaaaaaaaaaaaaaaaaaaaaaaaaaaaaaaaaaaaaaaaaaaaaaaaaaaaaaaaaaaaaaaaaaaaaaaaaaaaaaaaaaaaaaaaaaaaaaaaaaaaaaaaaaaaaaaaaaaaaaaaaaaaaaaaaaaaaaaaaaaaaaaaaaaaaaaaaaaaaaaaaaaaaaaaaaaaaaaaaaaaaaaaaaaaa"
     ${kafka:varint(4)}                 # headers
       ${kafka:varint(12)}                   # key size
       "zilla:filter"                            # key bytes
       ${kafka:varint(5)}                   # value size
       "bench"                             # value bytes
       ${kafka:varint(12)}                   # key size
       "zilla:filter"                            # key bytes
       ${kafka:varint(2)}                   # value size
       "39"                             # value bytes
       ${kafka:varint(11)}                   # key size
       "zilla:local"                            # key bytes
       ${kafka:varint(23)}                   # value size
       "bench_pub_2543774266_39"                             # value bytes
       ${kafka:varint(9)}                   # key size
       "zilla:qos"                            # key bytes
       ${kafka:varint(1)}                   # value size
       "0"                             # value bytes

write 462
     0s
     3s
     ${newRequestId}
     5s "zilla"                         # client id
     -1s
     0s
     ${produceWaitMax}
     1
     4s "test"
     1
     2
     417                                # record set size
     0L                                 # first offset
     405                                # length
     -1
     [0x02]
     1693603873
     8s
     0                                  # last offset delta
     1716424650323L                     # first timestamp
     1716424650323L                     # last timestamp
     -1L
     -1s
     -1
     1                                  # records
     ${kafka:varint(354)}
     [0x00]
     ${kafka:varint(0)}
     ${kafka:varint(0)}
     ${kafka:varint(8)}                 # key
     "bench/39"
     ${kafka:varint(256)}
     "aaaaaaaaaaaaaaaaaaaaaaaaaaaaaaaaaaaaaaaaaaaaaaaaaaaaaaaaaaaaaaaaaaaaaaaaaaaaaaaaaaaaaaaaaaaaaaaaaaaaaaaaaaaaaaaaaaaaaaaaaaaaaaaaaaaaaaaaaaaaaaaaaaaaaaaaaaaaaaaaaaaaaaaaaaaaaaaaaaaaaaaaaaaaaaaaaaaaaaaaaaaaaaaaaaaaaaaaaaaaaaaaaaaaaaaaaaaaaaaaaaaaaaaaaaaaaaaa"
     ${kafka:varint(4)}                 # headers
       ${kafka:varint(12)}                   # key size
       "zilla:filter"                            # key bytes
       ${kafka:varint(5)}                   # value size
       "bench"                             # value bytes
       ${kafka:varint(12)}                   # key size
       "zilla:filter"                            # key bytes
       ${kafka:varint(2)}                   # value size
       "39"                             # value bytes
       ${kafka:varint(11)}                   # key size
       "zilla:local"                            # key bytes
       ${kafka:varint(23)}                   # value size
       "bench_pub_2543774266_39"                             # value bytes
       ${kafka:varint(9)}                   # key size
       "zilla:qos"                            # key bytes
       ${kafka:varint(1)}                   # value size
       "0"                             # value bytes

write 462
     0s
     3s
     ${newRequestId}
     5s "zilla"                         # client id
     -1s
     0s
     ${produceWaitMax}
     1
     4s "test"
     1
     2
     417                                # record set size
     0L                                 # first offset
     405                                # length
     -1
     [0x02]
     1693603873
     8s
     0                                  # last offset delta
     1716424650323L                     # first timestamp
     1716424650323L                     # last timestamp
     -1L
     -1s
     -1
     1                                  # records
     ${kafka:varint(354)}
     [0x00]
     ${kafka:varint(0)}
     ${kafka:varint(0)}
     ${kafka:varint(8)}                 # key
     "bench/39"
     ${kafka:varint(256)}
     "aaaaaaaaaaaaaaaaaaaaaaaaaaaaaaaaaaaaaaaaaaaaaaaaaaaaaaaaaaaaaaaaaaaaaaaaaaaaaaaaaaaaaaaaaaaaaaaaaaaaaaaaaaaaaaaaaaaaaaaaaaaaaaaaaaaaaaaaaaaaaaaaaaaaaaaaaaaaaaaaaaaaaaaaaaaaaaaaaaaaaaaaaaaaaaaaaaaaaaaaaaaaaaaaaaaaaaaaaaaaaaaaaaaaaaaaaaaaaaaaaaaaaaaaaaaaaaaa"
     ${kafka:varint(4)}                 # headers
       ${kafka:varint(12)}                   # key size
       "zilla:filter"                            # key bytes
       ${kafka:varint(5)}                   # value size
       "bench"                             # value bytes
       ${kafka:varint(12)}                   # key size
       "zilla:filter"                            # key bytes
       ${kafka:varint(2)}                   # value size
       "39"                             # value bytes
       ${kafka:varint(11)}                   # key size
       "zilla:local"                            # key bytes
       ${kafka:varint(23)}                   # value size
       "bench_pub_2543774266_39"                             # value bytes
       ${kafka:varint(9)}                   # key size
       "zilla:qos"                            # key bytes
       ${kafka:varint(1)}                   # value size
       "0"                             # value bytes

write 462
     0s
     3s
     ${newRequestId}
     5s "zilla"                         # client id
     -1s
     0s
     ${produceWaitMax}
     1
     4s "test"
     1
     2
     417                                # record set size
     0L                                 # first offset
     405                                # length
     -1
     [0x02]
     -488707537
     8s
     0                                  # last offset delta
     1716424650323L                     # first timestamp
     1716424650323L                     # last timestamp
     -1L
     -1s
     -1
     1                                  # records
     ${kafka:varint(354)}
     [0x00]
     ${kafka:varint(0)}
     ${kafka:varint(0)}
     ${kafka:varint(8)}                 # key
     "bench/50"
     ${kafka:varint(256)}
     "aaaaaaaaaaaaaaaaaaaaaaaaaaaaaaaaaaaaaaaaaaaaaaaaaaaaaaaaaaaaaaaaaaaaaaaaaaaaaaaaaaaaaaaaaaaaaaaaaaaaaaaaaaaaaaaaaaaaaaaaaaaaaaaaaaaaaaaaaaaaaaaaaaaaaaaaaaaaaaaaaaaaaaaaaaaaaaaaaaaaaaaaaaaaaaaaaaaaaaaaaaaaaaaaaaaaaaaaaaaaaaaaaaaaaaaaaaaaaaaaaaaaaaaaaaaaaaaa"
     ${kafka:varint(4)}                 # headers
       ${kafka:varint(12)}                   # key size
       "zilla:filter"                            # key bytes
       ${kafka:varint(5)}                   # value size
       "bench"                             # value bytes
       ${kafka:varint(12)}                   # key size
       "zilla:filter"                            # key bytes
       ${kafka:varint(2)}                   # value size
       "50"                             # value bytes
       ${kafka:varint(11)}                   # key size
       "zilla:local"                            # key bytes
       ${kafka:varint(23)}                   # value size
       "bench_pub_2346691215_50"                             # value bytes
       ${kafka:varint(9)}                   # key size
       "zilla:qos"                            # key bytes
       ${kafka:varint(1)}                   # value size
       "0"                             # value bytes

write 462
     0s
     3s
     ${newRequestId}
     5s "zilla"                         # client id
     -1s
     0s
     ${produceWaitMax}
     1
     4s "test"
     1
     2
     417                                # record set size
     0L                                 # first offset
     405                                # length
     -1
     [0x02]
     -1159250768
     8s
     0                                  # last offset delta
     1716424650323L                     # first timestamp
     1716424650323L                     # last timestamp
     -1L
     -1s
     -1
     1                                  # records
     ${kafka:varint(354)}
     [0x00]
     ${kafka:varint(0)}
     ${kafka:varint(0)}
     ${kafka:varint(8)}                 # key
     "bench/30"
     ${kafka:varint(256)}
     "aaaaaaaaaaaaaaaaaaaaaaaaaaaaaaaaaaaaaaaaaaaaaaaaaaaaaaaaaaaaaaaaaaaaaaaaaaaaaaaaaaaaaaaaaaaaaaaaaaaaaaaaaaaaaaaaaaaaaaaaaaaaaaaaaaaaaaaaaaaaaaaaaaaaaaaaaaaaaaaaaaaaaaaaaaaaaaaaaaaaaaaaaaaaaaaaaaaaaaaaaaaaaaaaaaaaaaaaaaaaaaaaaaaaaaaaaaaaaaaaaaaaaaaaaaaaaaaa"
     ${kafka:varint(4)}                 # headers
       ${kafka:varint(12)}                   # key size
       "zilla:filter"                            # key bytes
       ${kafka:varint(5)}                   # value size
       "bench"                             # value bytes
       ${kafka:varint(12)}                   # key size
       "zilla:filter"                            # key bytes
       ${kafka:varint(2)}                   # value size
       "30"                             # value bytes
       ${kafka:varint(11)}                   # key size
       "zilla:local"                            # key bytes
       ${kafka:varint(23)}                   # value size
       "bench_pub_2382277490_30"                             # value bytes
       ${kafka:varint(9)}                   # key size
       "zilla:qos"                            # key bytes
       ${kafka:varint(1)}                   # value size
       "0"                             # value bytes
