#
# Copyright 2021-2026 Aklivity Inc
#
# Licensed under the Aklivity Community License (the "License"); you may not use
# this file except in compliance with the License.  You may obtain a copy of the
# License at
#
#   https://www.aklivity.io/aklivity-community-license/
#
# Unless required by applicable law or agreed to in writing, software
# distributed under the License is distributed on an "AS IS" BASIS, WITHOUT
# WARRANTIES OF ANY KIND, either express or implied.  See the License for the
# specific language governing permissions and limitations under the License.
#

accept "zilla://streams/app0"
       option zilla:window 8192
       option zilla:transmission "half-duplex"

accepted

read zilla:begin.ext ${llm:matchBeginEx()
                          .typeId(zilla:id("llm"))
                          .dialect("anthropic")
                          .build()}

connected

read "{\"model\":\"claude-3-opus-20240229\",\"max_tokens\":1024,\"messages\":[{\"role\":\"user\",\"content\":\"Hello\"}],\"stream\":true}"

write zilla:begin.ext ${llm:beginEx()
                           .typeId(zilla:id("llm"))
                           .dialect("anthropic")
                           .contentType("text/event-stream")
                           .build()}
write flush

write zilla:data.ext ${llm:dataEx()
                          .typeId(zilla:id("llm"))
                          .type("message_start")
                          .build()}
write "{\"type\":\"message_start\",\"message\":{\"id\":\"msg_01\",\"type\":\"message\",\"role\":\"assistant\",\"model\":\"claude-3-opus-20240229\",\"content\":[],\"usage\":{\"input_tokens\":25,\"output_tokens\":1}}}"
write flush

write zilla:data.ext ${llm:dataEx()
                          .typeId(zilla:id("llm"))
                          .type("content_block_start")
                          .build()}
write "{\"type\":\"content_block_start\",\"index\":0,\"content_block\":{\"type\":\"text\",\"text\":\"\"}}"
write flush

write zilla:data.ext ${llm:dataEx()
                          .typeId(zilla:id("llm"))
                          .type("content_block_delta")
                          .build()}
write '{"type":"content_block_delta","index":0,"delta":{"type":"text_delta","text":"'
      ${core:randomBase64(100000)}
      '"}}'
write flush

write zilla:data.ext ${llm:dataEx()
                          .typeId(zilla:id("llm"))
                          .type("content_block_stop")
                          .build()}
write "{\"type\":\"content_block_stop\",\"index\":0}"
write flush

write zilla:data.ext ${llm:dataEx()
                          .typeId(zilla:id("llm"))
                          .type("message_delta")
                          .build()}
write "{\"type\":\"message_delta\",\"delta\":{\"stop_reason\":\"end_turn\",\"stop_sequence\":null},\"usage\":{\"output_tokens\":15}}"
write flush

write zilla:data.ext ${llm:dataEx()
                          .typeId(zilla:id("llm"))
                          .type("message_stop")
                          .build()}
write "{\"type\":\"message_stop\"}"
write flush

write close

read closed
