#
# Copyright 2021-2026 Aklivity Inc
#
# Licensed under the Aklivity Community License (the "License"); you may not use
# this file except in compliance with the License.  You may obtain a copy of the
# License at
#
#   https://www.aklivity.io/aklivity-community-license/
#
# Unless required by applicable law or agreed to in writing, software
# distributed under the License is distributed on an "AS IS" BASIS, WITHOUT
# WARRANTIES OF ANY KIND, either express or implied.  See the License for the
# specific language governing permissions and limitations under the License.
#

# clean-start session with a will, established while the session's own kafka
# producer stream is granted only a small real window -- simulating the gap
# before the merged kafka binding's async partition/metadata resolution has
# completed; the client aborts only once that real window has been granted,
# so the eager will signal write is not self-covered by session padding the
# way the expiry writes are, and must be skipped rather than assert-crash
# the engine worker
connect "zilla://streams/mqtt0"
         option zilla:window 8192
         option zilla:transmission "half-duplex"

write zilla:begin.ext ${mqtt:beginEx()
                           .typeId(zilla:id("mqtt"))
                           .session()
                              .flags("WILL", "CLEAN_START")
                              .expiry(1)
                              .capabilities("REDIRECT")
                              .clientId("client-1")
                              .build()
                           .build()}

connected

# no will data was ever written, so the will signal carries no lifetimeId
# or willId
write await SESSION_STREAM_WINDOW_GRANTED
write abort
