#
# Copyright 2021-2024 Aklivity Inc
#
# Licensed under the Aklivity Community License (the "License"); you may not use
# this file except in compliance with the License.  You may obtain a copy of the
# License at
#
#   https://www.aklivity.io/aklivity-community-license/
#
# Unless required by applicable law or agreed to in writing, software
# distributed under the License is distributed on an "AS IS" BASIS, WITHOUT
# WARRANTIES OF ANY KIND, either express or implied.  See the License for the
# specific language governing permissions and limitations under the License.
#

connect "zilla://streams/http0"
        option zilla:window 8192
        option zilla:transmission "half-duplex"

write zilla:begin.ext ${http:beginEx()
                            .typeId(zilla:id("http"))
                            .header(":method", "POST")
                            .header(":scheme", "https")
                            .header(":authority", "api.github.com")
                            .header(":path", "/repos/acme/widget/pulls")
                            .header("content-type", "application/json")
                            .build()}

connected

write '{"title":"Add feature","head":"feature","base":"main","body":"'
write ${core:randomBase64(6200)}
write 'café-suffix'
write '"}'

read zilla:begin.ext ${http:matchBeginEx()
                           .typeId(zilla:id("http"))
                           .header(":status", "201")
                           .header("content-type", "application/json")
                           .build()}

read  '{"number":42,"html_url":"https://github.com/acme/widget/pull/42","state":"open","title":"Add feature",'
      '"body":"please review","draft":false,"merged":false,"user":{"login":"acme-bot"}}'
read closed

write close
