#
# Copyright 2021-2026 Aklivity Inc.
#
# Aklivity licenses this file to you under the Apache License,
# version 2.0 (the "License"); you may not use this file except in compliance
# with the License. You may obtain a copy of the License at:
#
#   http://www.apache.org/licenses/LICENSE-2.0
#
# Unless required by applicable law or agreed to in writing, software
# distributed under the License is distributed on an "AS IS" BASIS, WITHOUT
# WARRANTIES OR CONDITIONS OF ANY KIND, either express or implied. See the
# License for the specific language governing permissions and limitations
# under the License.
#

accept "zilla://streams/app0"
        option zilla:window 0
        option zilla:transmission "duplex"

accepted

read zilla:begin.ext ${mqtt:matchBeginEx()
                             .typeId(zilla:id("mqtt"))
                             .session()
                                .flags("WILL", "CLEAN_START")
                                .clientId("one")
                                .build()
                             .build()}

write zilla:begin.ext ${mqtt:beginEx()
                              .typeId(zilla:id("mqtt"))
                              .session()
                                .flags("WILL", "CLEAN_START")
                                .subscribeQosMax(2)
                                .publishQosMax(2)
                                .packetSizeMax(33792)
                                .capabilities("RETAIN", "WILDCARD", "SUBSCRIPTION_IDS", "SHARED_SUBSCRIPTIONS")
                                .clientId("one")
                                .build()
                              .build()}

connected

# zero window granted at accept, so the whole CONNECT plus the pipelined
# PINGREQ behind it is still buffered when window is finally granted
read option zilla:window 8192
read zilla:data.ext ${mqtt:dataEx()
                             .typeId(zilla:id("mqtt"))
                             .session()
                                .deferred(2129)
                                .kind("WILL")
                                .build()
                             .build()}
read ${mqtt:will()
               .topic("uagv/v2/kaercher/1.533-002.0-020156/connection")
               .flags("RETAIN")
               .payloadSize(10240)
               .build()}
read [0..8111]

# exact-match the deferred remainder - the will payload ends here, and the four
# DISCONNECT bytes buffered immediately behind it must not be forwarded as part
# of it, otherwise the produced session record is longer than declared
read ${mqtt:seededBytes(2129)}

# the pipelined DISCONNECT is decoded once the will payload boundary is
# respected, so the session ends cleanly rather than being aborted
read closed
write close
