#
# Copyright 2021-2026 Aklivity Inc
#
# Licensed under the Aklivity Community License (the "License"); you may not use
# this file except in compliance with the License.  You may obtain a copy of the
# License at
#
#   https://www.aklivity.io/aklivity-community-license/
#
# Unless required by applicable law or agreed to in writing, software
# distributed under the License is distributed on an "AS IS" BASIS, WITHOUT
# WARRANTIES OF ANY KIND, either express or implied.  See the License for the
# specific language governing permissions and limitations under the License.
#

property serverAddress "zilla://streams/http0"

accept ${serverAddress}
       option zilla:window 8192
       option zilla:transmission "half-duplex"

accepted

read zilla:begin.ext ${http:matchBeginEx()
                           .typeId(zilla:id("http"))
                           .header(":method", "POST")
                           .header(":scheme", "https")
                           .header(":authority", "api.github.com:443")
                           .header(":path", "/repos/acme/widget/pulls")
                           .header("content-type", "application/json")
                           .build()}

connected

read  '{"title":"Add feature","head":"feature","base":"main"}'

write zilla:begin.ext ${http:beginEx()
                            .typeId(zilla:id("http"))
                            .header(":status", "200")
                            .header("content-type", "application/json")
                            .build()}
write flush

# a genuine (incomplete) body chunk, so the reply is provably mid-flow — not a header-only or
# empty response — when the abort below cuts it off before the closing brace ever arrives
write '{"number":42,"html_url":"https://github.com/acme/widget/pull/42",'
write flush

write notify RESPONSE_STREAMING

write abort
