#
# Copyright 2021-2023 Aklivity Inc
#
# Licensed under the Aklivity Community License (the "License"); you may not use
# this file except in compliance with the License.  You may obtain a copy of the
# License at
#
#   https://www.aklivity.io/aklivity-community-license/
#
# Unless required by applicable law or agreed to in writing, software
# distributed under the License is distributed on an "AS IS" BASIS, WITHOUT
# WARRANTIES OF ANY KIND, either express or implied.  See the License for the
# specific language governing permissions and limitations under the License.
#

accept "zilla://streams/mqtt0"
        option zilla:window 8192
        option zilla:transmission "duplex"


accepted

read zilla:begin.ext ${mqtt:matchBeginEx()
                             .typeId(zilla:id("mqtt"))
                             .session()
                                .clientId("client")
                                .expiry(1)
                                .build()
                             .build()}

connected

write zilla:data.empty
write flush

read ${mqtt:session()
               .subscription("sensor/one", 1)
               .build()}

write ${mqtt:session()
               .subscription("sensor/one", 1)
               .build()}
write flush

read ${mqtt:session()
               .build()}

write ${mqtt:session()
               .build()}
write flush

accepted

read zilla:begin.ext ${mqtt:matchBeginEx()
                             .typeId(zilla:id("mqtt"))
                             .subscribe()
                                .clientId("client")
                                .filter("sensor/one", 1)
                                .build()
                             .build()}

connected

write zilla:data.ext ${mqtt:dataEx()
                              .typeId(zilla:id("mqtt"))
                              .subscribe()
                                 .topic("sensor/one")
                                 .subscriptionId(1)
                                 .format("TEXT")
                                 .build()
                              .build()}
write "message"

read closed
write close
