#
# Copyright 2021-2026 Aklivity Inc.
#
# Aklivity licenses this file to you under the Apache License,
# version 2.0 (the "License"); you may not use this file except in compliance
# with the License. You may obtain a copy of the License at:
#
#   http://www.apache.org/licenses/LICENSE-2.0
#
# Unless required by applicable law or agreed to in writing, software
# distributed under the License is distributed on an "AS IS" BASIS, WITHOUT
# WARRANTIES OR CONDITIONS OF ANY KIND, either express or implied. See the
# License for the specific language governing permissions and limitations
# under the License.
#

property networkAcceptWindow 8192

accept "zilla://streams/net0"
  option zilla:window ${networkAcceptWindow}
  option zilla:transmission "duplex"
  option zilla:byteorder "network"

accepted

read zilla:begin.ext ${proxy:matchBeginEx()
                              .typeId(zilla:id("proxy"))
                              .addressInet()
                                .protocol("stream")
                                .source("0.0.0.0")
                                .destination("broker1.example.com")
                                .sourcePort(0)
                                .destinationPort(9092)
                                .build()
                              .info()
                                .authority("broker1.example.com")
                                .build()
                              .build()}
connected

read 75                                # size
      8s                                # offset commit
      7s                                # 7
      (int:newRequestId)
      5s "zilla"                        # client id
      16s "orders-analytics"            # group id
      -1                                # generation id (bare admin commit)
      0s                                # member id (empty)
      0s                                # group instance id (empty)
      1                                 # topics
        6s "orders"                     # "orders" topic
        1                               # partitions
          0                             # partition 0
          100L                          # committed offset
          -1                            # committed leader epoch
          0s                            # metadata (empty)

write 30                                 # size
      ${newRequestId}
      0                                  # throttle time ms
      1                                  # topics
        6s "orders"                        # "orders" topic
        1                                  # partitions
          0                                   # partition index
          0s                                  # no error
