#
# Copyright 2021-2026 Aklivity Inc.
#
# Aklivity licenses this file to you under the Apache License,
# version 2.0 (the "License"); you may not use this file except in compliance
# with the License. You may obtain a copy of the License at:
#
#   http://www.apache.org/licenses/LICENSE-2.0
#
# Unless required by applicable law or agreed to in writing, software
# distributed under the License is distributed on an "AS IS" BASIS, WITHOUT
# WARRANTIES OR CONDITIONS OF ANY KIND, either express or implied. See the
# License for the specific language governing permissions and limitations
# under the License.
#

property networkConnectWindow 8192

property newRequestId ${kafka:newRequestId()}
property fetchWaitMax 500
property fetchBytesMax 65535
property partitionBytesMax 8192

connect "zilla://streams/net0"
  option zilla:window ${networkConnectWindow}
  option zilla:transmission "duplex"
  option zilla:byteorder "network"

connected

write 22                                # size
      17s                               # sasl.handshake
      1s                                # v1
      ${newRequestId}
      5s "zilla"                        # client id
      5s "PLAIN"                        # mechanism

read 17                                 # size
     ${newRequestId}
     0s                                 # no error
     1                                  # mechanisms
       5s "PLAIN"                         # PLAIN

write 37                                # size
      36s                               # sasl.authenticate
      1s                                # v1
      ${newRequestId}
      5s "zilla"                        # client id
      18
      [0x00] "username"                 # authentication bytes
      [0x00] "password"

read 20                                 # size
     ${newRequestId}
     0s                                 # no error
     -1
     -1s                                # authentication bytes
     0L                                 # session lifetime

write 125                               # size
      19s                               # create topics
      7s                                # v7
      ${newRequestId}
      5s "zilla"                        # client id
      [0x00]                            # tagged fields
      [0x03]                            # topic count
        [0x07] "events"                 # name
        1                               # number of partitions
        1s                              # replication factor
        [0x02]                          # assignments
            0                           # partition index
            [0x02]                      # broker ids
                0                       # broker id
            [0x00]                      # tagged fields
        [0x02]                          # configs
            [0x0f] "cleanup.policy"     # name
            [0x07] "delete"             # value
            [0x00]                      # tagged fields
        [0x00]                          # tagged fields
        [0x0a] "snapshots"              # name
        1                               # number of partitions
        1s                              # replication factor
        [0x02]                          # assignments
            0                           # partition index
            [0x02]                      # broker ids
                0                       # broker id
            [0x00]                      # tagged fields
        [0x02]                          # configs
            [0x0f] "cleanup.policy"     # name
            [0x08] "compact"            # value
            [0x00]                      # tagged fields
        [0x00]                          # tagged fields
      0                                 # timeout
      [0x00]                            # validate only
      [0x00]                            # tagged fields

read  82                                 # size
      (int:newRequestId)
      [0x00]                             # tagged fields
      0                                  # throttle time ms
      [0x03]                             # topics
        [0x07] "events"                  # name
        [0x00 0x00 0x00 0x00 0x00 0x00 0x00 0x00 0x00 0x00 0x00 0x00 0x00 0x00 0x00 0x00] # topic id
        0s                               # error code
        [0x00]                           # error message
        1                                # number of partitions
        1s                               # replication factor
        [0x01]                           # configs
        [0x00]                           # tagged fields
        [0x0a] "snapshots"                # name
        [0x00 0x00 0x00 0x00 0x00 0x00 0x00 0x00 0x00 0x00 0x00 0x00 0x00 0x00 0x00 0x00] # topic id
        0s                               # error code
        [0x00]                           # error message
        1                                # number of partitions
        1s                               # replication factor
        [0x01]                           # configs
        [0x00]                           # tagged fields
      [0x00]                             # tagged fields
