#
# Copyright 2021-2023 Aklivity Inc.
#
# Aklivity licenses this file to you under the Apache License,
# version 2.0 (the "License"); you may not use this file except in compliance
# with the License. You may obtain a copy of the License at:
#
#   http://www.apache.org/licenses/LICENSE-2.0
#
# Unless required by applicable law or agreed to in writing, software
# distributed under the License is distributed on an "AS IS" BASIS, WITHOUT
# WARRANTIES OR CONDITIONS OF ANY KIND, either express or implied. See the
# License for the specific language governing permissions and limitations
# under the License.
#

property networkConnectWindow 8192


property newRequestId ${kafka:newRequestId()}
property fetchWaitMax 500
property fetchBytesMax 65535
property partitionBytesMax 8192

connect "zilla://streams/net0"
  option zilla:window ${networkConnectWindow}
  option zilla:transmission "duplex"
  option zilla:byteorder "network"

connected

write  22                                # size
       10s                               # find coordinator
       1s                                # v1
       ${newRequestId}
       5s "zilla"                        # client id
       4s "test"                         # "test" coordinator key
       [0x00]                            # coordinator group type

read  54                                        # size
      (int:newRequestId)
      0                                         # throttle time
      15s                                       # no coordinator available
      32s "The coordinator is not available"    # error no coordinator available
      -1                                        # coordinator node
      0s                                        # host
      -1                                        # port

write  22                                # size
       10s                               # find coordinator
       1s                                # v1
       ${newRequestId}
       5s "zilla"                        # client id
       4s "test"                         # "test" coordinator key
       [0x00]                            # coordinator group type

read  45                                 # size
      (int:newRequestId)
      0                                  # throttle time
      0s                                 # no error
      4s "none"                          # error message none
      0                                  # coordinator node
      19s "broker1.example.com"          # host
      9092                               # port

read notify ROUTED_DESCRIBE_SERVER

connect await ROUTED_DESCRIBE_SERVER
        "zilla://streams/net0"
  option zilla:window ${networkConnectWindow}
  option zilla:transmission "duplex"
  option zilla:byteorder "network"

connected

write 87                                                 # size
      32s                                                # describe configs
      0s                                                 # v0
      ${newRequestId}
      5s "zilla"                                         # client id
      1                                                  # resources
        [0x04]                                           # broker resource
        1s "0"                                           # "node" topic
        2                                                # configs
          28s "group.min.session.timeout.ms"             # name
          28s "group.max.session.timeout.ms"             # name

read  24                                                # size
      (int:newRequestId)
      0
      1                                                  # resources
        35s                                              # no error
        -1s                                              # error message
        [0x04]                                           # broker resource
        1s "0"                                           # "0" nodeId
        0                                                # configs
