#
# Copyright 2021-2021 Aklivity Inc.
#
# Aklivity licenses this file to you under the Apache License,
# version 2.0 (the "License"); you may not use this file except in compliance
# with the License. You may obtain a copy of the License at:
#
#   http://www.apache.org/licenses/LICENSE-2.0
#
# Unless required by applicable law or agreed to in writing, software
# distributed under the License is distributed on an "AS IS" BASIS, WITHOUT
# WARRANTIES OR CONDITIONS OF ANY KIND, either express or implied. See the
# License for the specific language governing permissions and limitations
# under the License.
#

accept "zilla://streams/app#0"
  option zilla:window 8192
  option zilla:transmission "duplex"

accepted

read zilla:begin.ext ${amqp:beginEx()
                             .typeId(zilla:id("amqp"))
                             .address("clients")
                             .capabilities("SEND_ONLY")
                             .senderSettleMode("SETTLED")
                             .receiverSettleMode("FIRST")
                             .build()}

write zilla:begin.ext ${amqp:beginEx()
                              .typeId(zilla:id("amqp"))
                              .address("clients")
                              .capabilities("SEND_ONLY")
                              .senderSettleMode("SETTLED")
                              .receiverSettleMode("FIRST")
                              .build()}
connected

read zilla:data.ext ${amqp:dataEx()
                            .typeId(zilla:id("amqp"))
                            .deliveryTag("")
                            .messageFormat(0)
                            .flags("SETTLED")
                            .bodyKind("VALUE_BINARY32")
                            .deferred(8000 - 7971)
                            .build()}

read [0..8000]

accepted

read zilla:begin.ext ${amqp:beginEx()
                             .typeId(zilla:id("amqp"))
                             .address("clients")
                             .capabilities("SEND_ONLY")
                             .senderSettleMode("SETTLED")
                             .receiverSettleMode("FIRST")
                             .build()}

write zilla:begin.ext ${amqp:beginEx()
                              .typeId(zilla:id("amqp"))
                              .address("clients")
                              .capabilities("SEND_ONLY")
                              .senderSettleMode("SETTLED")
                              .receiverSettleMode("FIRST")
                              .build()}
connected

read zilla:data.ext ${amqp:dataEx()
                            .typeId(zilla:id("amqp"))
                            .deliveryTag("")
                            .messageFormat(0)
                            .flags("SETTLED")
                            .bodyKind("VALUE_BINARY32")
                            .deferred(8000 - 7969)
                            .build()}

read [0..8000]

write close
