#
# Copyright 2021-2024 Aklivity Inc
#
# Licensed under the Aklivity Community License (the "License"); you may not use
# this file except in compliance with the License.  You may obtain a copy of the
# License at
#
#   https://www.aklivity.io/aklivity-community-license/
#
# Unless required by applicable law or agreed to in writing, software
# distributed under the License is distributed on an "AS IS" BASIS, WITHOUT
# WARRANTIES OF ANY KIND, either express or implied.  See the License for the
# specific language governing permissions and limitations under the License.
#

accept "zilla://streams/net0"
       option zilla:window 8192
       option zilla:transmission "half-duplex"

accepted

read zilla:begin.ext ${http:matchBeginEx()
                           .typeId(zilla:id("http"))
                           .header(":method", "POST")
                           .header(":path", "/mcp")
                           .header("content-type", "application/json")
                           .header("accept", "application/json, text/event-stream")
                           .header("mcp-protocol-version", "2025-11-25")
                           .build()}

connected

read '{"jsonrpc":"2.0","id":1,"method":"initialize","params":{"protocolVersion":"2025-11-25","capabilities":{},"clientInfo":{"name":"test","version":"1.0"}}}'
read closed

write zilla:begin.ext ${http:beginEx()
                            .typeId(zilla:id("http"))
                            .header(":status", "200")
                            .header("content-type", "application/json")
                            .header("mcp-session-id", "session-1")
                            .build()}
write flush

write '{"jsonrpc":"2.0","id":1,"result":{"protocolVersion":"2025-11-25","capabilities":{"prompts":{},"resources":{},"tools":{}},"serverInfo":{"name":"zilla","version":"1.0"}}}'
write flush

write close

accepted

read zilla:begin.ext ${http:matchBeginEx()
                           .typeId(zilla:id("http"))
                           .header(":method", "POST")
                           .header(":path", "/mcp")
                           .header("content-type", "application/json")
                           .header("accept", "application/json, text/event-stream")
                           .header("mcp-protocol-version", "2025-11-25")
                           .header("mcp-session-id", "session-1")
                           .build()}

connected

read '{"jsonrpc":"2.0","method":"notifications/initialized"}'
read closed

write zilla:begin.ext ${http:beginEx()
                            .typeId(zilla:id("http"))
                            .header(":status", "202")
                            .build()}
write flush

write close

accepted

read zilla:begin.ext ${http:matchBeginEx()
                           .typeId(zilla:id("http"))
                           .header(":method", "POST")
                           .header(":path", "/mcp")
                           .header("content-type", "application/json")
                           .header("accept", "application/json, text/event-stream")
                           .header("mcp-protocol-version", "2025-11-25")
                           .header("mcp-session-id", "session-1")
                           .build()}

connected

read '{"jsonrpc":"2.0","id":2,"method":"prompts/get","params":{"name":"weather_prompt","_meta":{"progressToken":"abc123"}}}'
read closed

write zilla:begin.ext ${http:beginEx()
                            .typeId(zilla:id("http"))
                            .header(":status", "200")
                            .header("content-type", "text/event-stream")
                            .build()}
write flush

write 'id: 2:0\n'
write '\n'
write flush

write 'id: 2:1\n'
write 'data: {"jsonrpc":"2.0","method":"notifications/progress","params":{"progressToken":"abc123","progress":50,"total":100,"message":"Composing the prompt..."}}\n'
write '\n'
write flush

write 'data: {"jsonrpc":"2.0","id":2,"result":{"messages":[{"role":"user","content":{"type":"text","text":"'
write ${core:randomBase64(10000)}
write '"}}]}}\n'
write '\n'
write flush

write close
