#
# Copyright 2021-2023 Aklivity Inc.
#
# Aklivity licenses this file to you under the Apache License,
# version 2.0 (the "License"); you may not use this file except in compliance
# with the License. You may obtain a copy of the License at:
#
#   http://www.apache.org/licenses/LICENSE-2.0
#
# Unless required by applicable law or agreed to in writing, software
# distributed under the License is distributed on an "AS IS" BASIS, WITHOUT
# WARRANTIES OR CONDITIONS OF ANY KIND, either express or implied. See the
# License for the specific language governing permissions and limitations
# under the License.
#

property httpAddress "zilla://streams/asyncapi0"

connect ${httpAddress}
        option zilla:window 8192
        option zilla:transmission "half-duplex"

write zilla:begin.ext ${asyncapi:beginEx()
                             .typeId(zilla:id("asyncapi"))
                             .apiId(1)
                             .operationId("createPets")
                             .extension(http:beginEx()
                                  .typeId(zilla:id("http"))
                                  .header(":method", "POST")
                                  .header(":scheme", "http")
                                  .header(":authority", "localhost:8080")
                                  .header(":path", "/pets")
                                  .header("content-type", "application/json")
                                  .header("content-length", "44")
                                  .build())
                             .build()}
connected

write "{\"id\":1, \"name\":\"Snoopy\", \"tag\":\"available\"}"
write close

read zilla:begin.ext ${asyncapi:matchBeginEx()
                             .typeId(zilla:id("asyncapi"))
                             .operationId("createPets")
                             .extension(http:matchBeginEx()
                                 .typeId(zilla:id("http"))
                                 .header(":status", "204")
                                 .build())
                             .build()}

read closed
