#
# Copyright 2021-2024 Aklivity Inc
#
# Licensed under the Aklivity Community License (the "License"); you may not use
# this file except in compliance with the License.  You may obtain a copy of the
# License at
#
#   https://www.aklivity.io/aklivity-community-license/
#
# Unless required by applicable law or agreed to in writing, software
# distributed under the License is distributed on an "AS IS" BASIS, WITHOUT
# WARRANTIES OF ANY KIND, either express or implied.  See the License for the
# specific language governing permissions and limitations under the License.
#

connect "zilla://streams/app0"
        option zilla:window 8192
        option zilla:transmission "half-duplex"

write zilla:begin.ext ${mcp:beginEx()
                           .typeId(zilla:id("mcp"))
                           .lifecycle()
                               .build()
                           .build()}

connected

read zilla:begin.ext ${mcp:matchBeginEx()
                          .typeId(zilla:id("mcp"))
                          .lifecycle()
                              .sessionId("session-1")
                              .build()
                          .build()}

read notify LIFECYCLE_INITIALIZED

connect await LIFECYCLE_INITIALIZED
        "zilla://streams/app0"
        option zilla:window 8192
        option zilla:transmission "half-duplex"

write zilla:begin.ext ${mcp:beginEx()
                           .typeId(zilla:id("mcp"))
                           .toolsCall()
                               .sessionId("session-1")
                               .name("search_code")
                               .contentLength(64)
                               .build()
                           .build()}

connected

write '{"name":"search_code","arguments":{"q":"addClass","per_page":5}}'

# a ~100KB upstream response (a single large items[].path value) proves tools/call streams the success
# reply rather than buffering it: total_count sits at the front and is captured via McpHttpResults well
# before the large value has finished streaming past, then resolved into the summary only once the whole
# structuredContent value has completed — i.e. the summary interpolation survives many suspend/resume cycles,
# not just a response that completes within a single window
read  '{'
        '"structuredContent":{"total_count":2,"items":[{"path":"'
read ${core:randomBase64(100000)}
read  '"}]},'
        '"content":[{"type":"text","text":"Found 2 matches"}],'
        '"isError":false'
      '}'
read closed

write close
