#
# Copyright 2021-2026 Aklivity Inc.
#
# Aklivity licenses this file to you under the Apache License,
# version 2.0 (the "License"); you may not use this file except in compliance
# with the License. You may obtain a copy of the License at:
#
#   http://www.apache.org/licenses/LICENSE-2.0
#
# Unless required by applicable law or agreed to in writing, software
# distributed under the License is distributed on an "AS IS" BASIS, WITHOUT
# WARRANTIES OR CONDITIONS OF ANY KIND, either express or implied. See the
# License for the specific language governing permissions and limitations
# under the License.
#

connect "zilla://streams/app0"
    option zilla:window 8192
    option zilla:transmission "half-duplex"
    option zilla:byteorder "network"
    option zilla:affinity 0

write zilla:begin.ext ${kafka:beginEx()
                               .typeId(zilla:id("kafka"))
                               .apiRequest()
                                 .length(0)
                                 .api(18)
                                 .version(0)
                                 .clientId("zilla")
                                 .build()
                                .build()}

connected

read zilla:begin.ext ${kafka:matchBeginEx()
                               .typeId(zilla:id("kafka"))
                               .apiResponse()
                                 .length(18)
                                 .version(0)
                                 .build()
                                .build()}

read  0s                                 # error code
      2                                  # api key count
        19s                              # create topics
        0s                               # min version
        7s                               # max version
        20s                              # delete topics
        0s                               # min version
        6s                               # max version

write close
read closed

connect "zilla://streams/app0"
    option zilla:window 8192
    option zilla:transmission "half-duplex"
    option zilla:byteorder "network"
    option zilla:affinity 0

write zilla:begin.ext ${kafka:beginEx()
                               .typeId(zilla:id("kafka"))
                               .apiRequest()
                                 .length(110)
                                 .api(19)
                                 .version(7)
                                 .clientId("zilla")
                                 .build()
                                .build()}

connected

write [0x00]                            # tagged fields
      [0x03]                            # topic count
        [0x07] "events"                 # name
        1                               # number of partitions
        1s                              # replication factor
        [0x02]                          # assignments
            0                           # partition index
            [0x02]                      # broker ids
                0                       # broker id
            [0x00]                      # tagged fields
        [0x02]                          # configs
            [0x0f] "cleanup.policy"     # name
            [0x07] "delete"             # value
            [0x00]                      # tagged fields
        [0x00]                          # tagged fields
        [0x0a] "snapshots"              # name
        1                               # number of partitions
        1s                              # replication factor
        [0x02]                          # assignments
            0                           # partition index
            [0x02]                      # broker ids
                0                       # broker id
            [0x00]                      # tagged fields
        [0x02]                          # configs
            [0x0f] "cleanup.policy"     # name
            [0x08] "compact"            # value
            [0x00]                      # tagged fields
        [0x00]                          # tagged fields
      0                                 # timeout
      [0x00]                            # validate only
      [0x00]                            # tagged fields

write aborted

connect "zilla://streams/app0"
    option zilla:window 8192
    option zilla:transmission "half-duplex"
    option zilla:byteorder "network"
    option zilla:affinity 0

write zilla:begin.ext ${kafka:beginEx()
                               .typeId(zilla:id("kafka"))
                               .apiRequest()
                                 .length(27)
                                 .api(20)
                                 .version(3)
                                 .clientId("zilla")
                                 .build()
                                .build()}

connected

write 2                                 # topic count
        6s "events"                     # name
        9s "snapshots"                  # name
      0                                 # timeout

read zilla:begin.ext ${kafka:matchBeginEx()
                               .typeId(zilla:id("kafka"))
                               .apiResponse()
                                 .length(31)
                                 .version(3)
                                 .build()
                                .build()}

read  0                                  # throttle time ms
      2                                  # topics
        6s "events"                      # name
        0s                               # error code
        9s "snapshots"                   # name
        0s                               # error code

write close
read closed
