#
# Copyright 2021-2026 Aklivity Inc.
#
# Aklivity licenses this file to you under the Apache License,
# version 2.0 (the "License"); you may not use this file except in compliance
# with the License. You may obtain a copy of the License at:
#
#   http://www.apache.org/licenses/LICENSE-2.0
#
# Unless required by applicable law or agreed to in writing, software
# distributed under the License is distributed on an "AS IS" BASIS, WITHOUT
# WARRANTIES OR CONDITIONS OF ANY KIND, either express or implied. See the
# License for the specific language governing permissions and limitations
# under the License.
#

connect "zilla://streams/app0"
    option zilla:window 8192
    option zilla:transmission "half-duplex"
    option zilla:byteorder "network"

write zilla:begin.ext ${kafka:beginEx()
                               .typeId(zilla:id("kafka"))
                               .apiRequest()
                                 .length(12)
                                 .api(10)
                                 .version(3)
                                 .clientId("zilla")
                                 .build()
                                .build()}

connected

write [0x00]                            # request header tagged fields
      [0x09] "my-group"                 # group id (key)
      [0x00]                            # key type (group)
      [0x00]                            # tagged fields

read zilla:begin.ext ${kafka:matchBeginEx()
                               .typeId(zilla:id("kafka"))
                               .apiResponse()
                                 .length(25)
                                 .version(3)
                                 .build()
                                .build()}

read  [0x00]                             # tagged fields
      0                                  # throttle time ms
      0s                                 # error code
      [0x00]                             # message (null)
      1                                  # node id
      [0x08] "broker1"                   # host
      9092                               # port
      [0x00]                             # tagged fields

write close
read closed
