#
# Copyright 2021-2023 Aklivity Inc.
#
# Aklivity licenses this file to you under the Apache License,
# version 2.0 (the "License"); you may not use this file except in compliance
# with the License. You may obtain a copy of the License at:
#
#   http://www.apache.org/licenses/LICENSE-2.0
#
# Unless required by applicable law or agreed to in writing, software
# distributed under the License is distributed on an "AS IS" BASIS, WITHOUT
# WARRANTIES OR CONDITIONS OF ANY KIND, either express or implied. See the
# License for the specific language governing permissions and limitations
# under the License.
#

property serverInitialWindow 8192

accept "http://localhost:8080/"
  option http:transport "zilla://streams/net0"
  option zilla:window ${serverInitialWindow}
  option zilla:transmission "duplex"
accepted
connected

read http:method "GET"
read http:header "Upgrade" /(?<upgradeHeader>.*)/
read http:header "Connection" "upgrade" 

write http:status "101" "Some Upgrade Protocol"
write http:header "Upgrade" ${upgradeHeader}
write flush

write "data from server 1"
write flush
write "data from server 2"
write flush
write "data from server 3"
write flush

read "data from client 1"
read "data from client 2"
read "data from client 3"
