#
# Copyright 2021-2022 Aklivity Inc
#
# Licensed under the Aklivity Community License (the "License"); you may not use
# this file except in compliance with the License.  You may obtain a copy of the
# License at
#
#   https://www.aklivity.io/aklivity-community-license/
#
# Unless required by applicable law or agreed to in writing, software
# distributed under the License is distributed on an "AS IS" BASIS, WITHOUT
# WARRANTIES OF ANY KIND, either express or implied.  See the License for the
# specific language governing permissions and limitations under the License.
#

accept "zilla://streams/kafka0"
    option zilla:window 8192
    option zilla:transmission "duplex"

accepted

read zilla:begin.ext ${kafka:beginEx()
                            .typeId(zilla:id("kafka"))
                            .merged()
                                .capabilities("PRODUCE_ONLY")
                                .topic("items-commands")
                                .partition(-1, -2)
                                .build()
                            .build()}

connected

read zilla:data.ext ${kafka:matchDataEx()
                           .typeId(zilla:id("kafka"))
                           .merged()
                               .deferred(58)
                               .partition(-1, -1)
                               .key("92d0bf92-63e0-4cfc-ae73-71dee92d1544")
                               .header(":method", "PATCH")
                               .header(":scheme", "https")
                               .header(":authority", "example.com:9090")
                               .header(":path", "/items/92d0bf92-63e0-4cfc-ae73-71dee92d1544")
                               .header("content-type", "application/json-patch+json")
                               .header("if-match", "revision=42")
                               .header("idempotency-key", "afe0e568-cfbe-4bf4-a405-98578c98e4ca")
                               .header("zilla:reply-to", "items-replies")
                               .build()
                           .build()}
read zilla:data.empty

read zilla:data.ext ${kafka:matchDataEx()
                           .typeId(zilla:id("kafka"))
                           .merged()
                               .partition(-1, -1)
                               .build()
                           .build()}
read '[ { "op": "replace", "path":"/name", "value": "widget" } ]'

read zilla:data.ext ${kafka:matchDataEx()
                           .typeId(zilla:id("kafka"))
                           .merged()
                               .partition(-1, -1)
                               .header("zilla:correlation-id", "afe0e568-cfbe-4bf4-a405-98578c98e4ca-66b89502b49e9217c6a5a4d3f41f76d4")
                               .build()
                           .build()}
read zilla:data.empty

read closed
write close

accepted

read zilla:begin.ext ${kafka:beginEx()
                              .typeId(zilla:id("kafka"))
                              .merged()
                                  .capabilities("FETCH_ONLY")
                                  .topic("items-replies")
                                  .partition(-1, -2)
                                  .filter()
                                    .header("zilla:correlation-id", "afe0e568-cfbe-4bf4-a405-98578c98e4ca-66b89502b49e9217c6a5a4d3f41f76d4")
                                    .build()
                                  .build()
                              .build()}

connected

write zilla:data.ext ${kafka:dataEx()
                            .typeId(zilla:id("kafka"))
                            .merged()
                                .partition(0, 1, 2)
                                .progress(0, 2)
                                .progress(1, 1)
                                .key("92d0bf92-63e0-4cfc-ae73-71dee92d1544")
                                .header(":status", "204")
                                .header("zilla:correlation-id", "afe0e568-cfbe-4bf4-a405-98578c98e4ca-66b89502b49e9217c6a5a4d3f41f76d4")
                                .build()
                            .build()}
write flush

write close
read closed
