#
# Copyright 2021-2023 Aklivity Inc.
#
# Aklivity licenses this file to you under the Apache License,
# version 2.0 (the "License"); you may not use this file except in compliance
# with the License. You may obtain a copy of the License at:
#
#   http://www.apache.org/licenses/LICENSE-2.0
#
# Unless required by applicable law or agreed to in writing, software
# distributed under the License is distributed on an "AS IS" BASIS, WITHOUT
# WARRANTIES OR CONDITIONS OF ANY KIND, either express or implied. See the
# License for the specific language governing permissions and limitations
# under the License.
#

property deltaMillis 0L
property newTimestamp ${kafka:timestamp() + deltaMillis}

accept "zilla://streams/net0"
  option zilla:window 8192
  option zilla:transmission "duplex"
  option zilla:byteorder "network"

accepted

connected

read 238                                # size
     32s                                # describe configs
     0s                                 # v0
     (int:requestId)
     5s "zilla"                         # client id
     1                                  # resources
       [0x02]                           # topic resource
       4s "test"                        # "test" topic
       11                               # configs
         14s "cleanup.policy"             # name
         17s "max.message.bytes"
         13s "segment.bytes"
         19s "segment.index.bytes"
         10s "segment.ms"
         15s "retention.bytes"
         12s "retention.ms"
         19s "delete.retention.ms"
         21s "min.compaction.lag.ms"
         21s "max.compaction.lag.ms"
         25s "min.cleanable.dirty.ratio"

write 372                               # size
      ${requestId}
      0
      1                                 # resources
        0s                                # no error
        -1s                               # error message
        [0x02]                            # topic resource
        4s "test"                         # "test" topic
        11                                # configs
          14s "cleanup.policy"              # name
          6s "delete"                       # value
          [0x00]                            # not read only
          [0x00]                            # not default
          [0x00]                            # not sensitive
          17s "max.message.bytes"
          7s "1000012"
          [0x00]
          [0x00]
          [0x00]
          13s "segment.bytes"
          10s "1073741824"
          [0x00]
          [0x00]
          [0x00]
          19s "segment.index.bytes"
          8s "10485760"
          [0x00]
          [0x00]
          [0x00]
          10s "segment.ms"
          9s "604800000"
          [0x00]
          [0x00]
          [0x00]
          15s "retention.bytes"
          2s "-1"
          [0x00]
          [0x00]
          [0x00]
          12s "retention.ms"
          9s "604800000"
          [0x00]
          [0x00]
          [0x00]
          19s "delete.retention.ms"
          8s "86400000"
          [0x00]
          [0x00]
          [0x00]
          21s "min.compaction.lag.ms"
          1s "0"
          [0x00]
          [0x00]
          [0x00]
          21s "max.compaction.lag.ms"
          19s "9223372036854775807"
          [0x00]
          [0x00]
          [0x00]
          25s "min.cleanable.dirty.ratio"
          3s "0.5"
          [0x00]
          [0x00]
          [0x00]

read 26                                 # size
     3s                                 # metadata
     5s                                 # v5
     (int:requestId)
     5s "zilla"                         # client id
     1                                  # topics
       4s "test"                        #   "test" topic
     [0x00]                             # allow_auto_topic_creation

write 150                               # size
      ${requestId}
      0
      2                                 # brokers
        1                                   # broker id
        19s "broker1.example.com"           # host name
        9092                                # port
        -1s                                 # no rack
        2
        19s "broker2.example.com"
        9092
        -1s
      9s "cluster 1"                    # cluster id
      1                                 # controller id
      1                                 # topics
        0s                                # no error
        4s "test"                         #   "test" topic
        [0x00]                            # not internal
        2                                 # partitions
          0s                                # no error
          0                                 # partition
          1                                 # leader
          0                                 # no replicas
          -1                                # no in-sync replicas
          0                                 # offline replicas
          0s
          1
          2
          0
          -1
          0

accepted

read zilla:begin.ext ${proxy:matchBeginEx()
                              .typeId(zilla:id("proxy"))
                              .addressInet()
                                .protocol("stream")
                                .source("0.0.0.0")
                                .destination("broker1.example.com")
                                .sourcePort(0)
                                .destinationPort(9092)
                                .build()
                              .info()
                                .authority("broker1.example.com")
                                .build()
                              .build()}

connected

read 70
     1s
     5s
     (int:requestId)
     5s "zilla"                         # client id
     -1
     [0..4]
     1
     [0..4]
     [0x01]                             # isolation level (read_committed)
     1
     4s "test"
     1
     0                                  # partition
     1L                                 # offset
     -1L
     [0..4]

write 262
      ${requestId}
      0
      1
      4s "test"
      1                                 # partitions
      0                                 # partition
      0s                                # no error
      3L                                # high water mark
      3L                                # last stable offset
      -1L                               # no log start offset
      -1                                # no aborted transaction count
      202                               # record set size
      1L                                # first offset
      91                                # length
      0x00
      [0x02]
      0x4e8723aa
      0s
      0                                 # last offset delta
      ${newTimestamp}                   # first timestamp
      ${newTimestamp}                   # last timestamp
      -1L
      -1s
      -1
      1                                 # records
      ${kafka:varint(41)}
      [0x00]
      ${kafka:varint(0)}
      ${kafka:varint(0)}
      ${kafka:varint(4)}                # key
      "key1"
      ${kafka:varint(16)}               # value
      "Hello, world #A1"
      ${kafka:varint(1)}                # headers
        ${kafka:varint(7)}                  # key
        "header2"
        ${kafka:varint(6)}                  # value
        "value2"
write flush
write notify SENT_MESSAGE_A1

write await SENT_MESSAGE_B1
write 2L                                # first offset
      87                                # length
      0x00
      [0x02]
      0x4e8723aa
      0s
      0                                 # last offset delta
      ${newTimestamp}                   # first timestamp
      ${newTimestamp}                   # last timestamp
      -1L
      -1s
      -1
      1                                 # records
      ${kafka:varint(37)}
      [0x00]
      ${kafka:varint(0)}
      ${kafka:varint(0)}
      ${kafka:varint(-1)}               # key
      ${kafka:varint(16)}
      "Hello, world #A2"
      ${kafka:varint(1)}                # headers
        ${kafka:varint(7)}                  # key
        "header1"
        ${kafka:varint(6)}                  # value
        "value1"
write flush
write notify SENT_MESSAGE_A2

write await SEND_MESSAGE_A3

read 70
     1s
     5s
     (int:requestId)
     5s "zilla"                         # client id
     -1
     [0..4]
     1
     [0..4]
     [0x01]                             # isolation level (read_committed)
     1
     4s "test"
     1
     0                                  # partition
     3L                                 # offset
     -1L
     [0..4]

write 502
      ${requestId}
      0
      1
      4s "test"
      1                                 # partitions
      0                                 # partition
      0s                                # no error
      7L                                # high water mark
      7L                                # last stable offset
      -1L                               # no log start offset
      -1                                # no aborted transaction count
      442                               # record set size

write await SENT_MESSAGE_B2
write 3L                                # first offset
      91                                # length
      0x00
      [0x02]
      0x4e8723aa
      0s
      0                                 # last offset delta
      ${newTimestamp}                   # first timestamp
      ${newTimestamp}                   # last timestamp
      -1L
      -1s
      -1
      1                                 # records
      ${kafka:varint(41)}
      [0x00]
      ${kafka:varint(0)}
      ${kafka:varint(0)}
      ${kafka:varint(4)}                # key
      "key1"
      ${kafka:varint(16)}
      "Hello, world #A3"
      ${kafka:varint(1)}                # headers
        ${kafka:varint(7)}                  # key
        "header1"
        ${kafka:varint(6)}                  # value
        "value1"
write flush
write notify SENT_MESSAGE_A3

write await SENT_MESSAGE_B3
write 4L                                # first offset
      102                               # length
      0x00
      [0x02]
      0x4e8723aa
      0s
      0                                 # last offset delta
      ${newTimestamp}                   # first timestamp
      ${newTimestamp}                   # last timestamp
      -1L
      -1s
      -1
      1                                 # records
      ${kafka:varint(52)}
      [0x00]
      ${kafka:varint(0)}
      ${kafka:varint(0)}
      ${kafka:varint(-1)}               # key
      ${kafka:varint(16)}
      "Hello, world #A4"
      ${kafka:varint(2)}                # headers
        ${kafka:varint(7)}                  # key
        "header1"
        ${kafka:varint(6)}                  # value
        "value1"
        ${kafka:varint(7)}                  # key
        "header2"
        ${kafka:varint(6)}                  # value
        "value2"
write flush
write notify SENT_MESSAGE_A4

write await SENT_MESSAGE_B4
write 5L                                 # first offset
      84                                 # length
      0x00
      [0x02]
      0x4e8723aa
      0s
      0                                  # last offset delta
      ${newTimestamp}                       # first timestamp
      ${newTimestamp}                       # last timestamp
      -1L
      -1s
      -1
      1                                  # records
      ${kafka:varint(34)}
      [0x00]
      ${kafka:varint(0)}
      ${kafka:varint(0)}
      ${kafka:varint(-1)}                 # key
      ${kafka:varint(16)}                # value
      "Hello, world #A5"
      ${kafka:varint(1)}                 # headers
        ${kafka:varint(7)}                   # key
        "header3"
        ${kafka:varint(3)}                   # value
        "one"
write flush
write notify SENT_MESSAGE_A5

write await SENT_MESSAGE_B5
write 6L                                 # first offset
      117                                # length
      0x00
      [0x02]
      0x4e8723aa
      0s
      0                                  # last offset delta
      ${newTimestamp}                       # first timestamp
      ${newTimestamp}                       # last timestamp
      -1L
      -1s
      -1
      1                                  # records
      ${kafka:varint(66)}
      [0x00]
      ${kafka:varint(0)}
      ${kafka:varint(0)}
      ${kafka:varint(-1)}                 # key
      ${kafka:varint(16)}                # value
      "Hello, world #A6"
      ${kafka:varint(4)}                 # headers
        ${kafka:varint(7)}                   # key
        "header3"
        ${kafka:varint(3)}                   # value
        "one"
        ${kafka:varint(7)}                   # key
        "header3"
        ${kafka:varint(0)}                   # value (empty)
        ${kafka:varint(7)}                   # key
        "header3"
        ${kafka:varint(5)}                   # value
        "three"
        ${kafka:varint(7)}                   # key
        "header3"
        ${kafka:varint(0)}                   # value (empty)
write flush
write notify SENT_MESSAGE_A6

accepted

read zilla:begin.ext ${proxy:matchBeginEx()
                              .typeId(zilla:id("proxy"))
                              .addressInet()
                                .protocol("stream")
                                .source("0.0.0.0")
                                .destination("broker2.example.com")
                                .sourcePort(0)
                                .destinationPort(9092)
                                .build()
                              .info()
                                .authority("broker2.example.com")
                                .build()
                              .build()}

connected

read 70
     1s
     5s
     (int:requestId)
     5s "zilla"                         # client id
     -1
     [0..4]
     1
     [0..4]
     [0x01]                             # isolation level (read_committed)
     1
     4s "test"
     1
     1                                  # partition
     1L                                 # offset
     -1L
     [0..4]

write 277
      ${requestId}
      0
      1
      4s "test"
      1                                 # partitions
      1                                 # partition
      0s                                # no error
      3L                                # high water mark
      3L                                # last stable offset
      -1L                               # no log start offset
      -1                                # no aborted transaction count
      217                               # record set size

write await SENT_MESSAGE_A1
write 1L                                # first offset
      102                               # length
      0x00
      [0x02]
      0x4e8723aa
      0s
      0                                 # last offset delta
      ${newTimestamp}                   # first timestamp
      ${newTimestamp}                   # last timestamp
      -1L
      -1s
      -1
      1                                 # records
      ${kafka:varint(52)}
      [0x00]
      ${kafka:varint(0)}
      ${kafka:varint(0)}
      ${kafka:varint(-1)}               # key
      ${kafka:varint(16)}
      "Hello, world #B1"
      ${kafka:varint(2)}                # headers
        ${kafka:varint(7)}                  # key
        "header1"
        ${kafka:varint(6)}                  # value
        "value1"
        ${kafka:varint(7)}                  # key
        "header2"
        ${kafka:varint(6)}                  # value
        "value2"
write flush
write notify SENT_MESSAGE_B1

write await SENT_MESSAGE_A2
write 2L                                # first offset
      91                                # length
      0x00
      [0x02]
      0x4e8723aa
      0s
      0                                 # last offset delta
      ${newTimestamp}                   # first timestamp
      ${newTimestamp}                   # last timestamp
      -1L
      -1s
      -1
      1                                 # records
      ${kafka:varint(41)}
      [0x00]
      ${kafka:varint(0)}
      ${kafka:varint(0)}
      ${kafka:varint(4)}                # key
      "key1"
      ${kafka:varint(16)}
      "Hello, world #B2"
      ${kafka:varint(1)}                # headers
        ${kafka:varint(7)}                  # key
        "header1"
        ${kafka:varint(6)}                  # value
        "value1"
write flush
write notify SENT_MESSAGE_B2

write await SEND_MESSAGE_B3

read 70
     1s
     5s
     (int:requestId)
     5s "zilla"                         # client id
     -1
     [0..4]
     1
     [0..4]
     [0x01]                             # isolation level (read_committed)
     1
     4s "test"
     1
     1                                  # partition
     3L                                 # offset
     -1L
     [0..4]

write 503
      ${requestId}
      0
      1
      4s "test"
      1                                 # partitions
      1                                 # partition
      0s                                # no error
      7L                                # high water mark
      7L                                # last stable offset
      -1L                               # no log start offset
      -1                                # no aborted transaction count
      443                               # record set size

write await SENT_MESSAGE_A3
write 3L                                # first offset
      87                                # length
      0x00
      [0x02]
      0x4e8723aa
      0s
      0                                 # last offset delta
      ${newTimestamp}                   # first timestamp
      ${newTimestamp}                   # last timestamp
      -1L
      -1s
      -1
      1                                 # records
      ${kafka:varint(37)}
      [0x00]
      ${kafka:varint(0)}
      ${kafka:varint(0)}
      ${kafka:varint(-1)}               # key
      ${kafka:varint(16)}
      "Hello, world #B3"
      ${kafka:varint(1)}                # headers
        ${kafka:varint(7)}                  # key
        "header1"
        ${kafka:varint(6)}                  # value
        "value1"
write flush
write notify SENT_MESSAGE_B3

write await SENT_MESSAGE_A4
write 4L                                # first offset
      91                                # length
      0x00
      [0x02]
      0x4e8723aa
      0s
      0                                 # last offset delta
      ${newTimestamp}                   # first timestamp
      ${newTimestamp}                   # last timestamp
      -1L
      -1s
      -1
      1                                 # records
      ${kafka:varint(41)}
      [0x00]
      ${kafka:varint(0)}
      ${kafka:varint(0)}
      ${kafka:varint(4)}                # key
      "key1"
      ${kafka:varint(16)}               # value
      "Hello, world #B4"
      ${kafka:varint(1)}                # headers
        ${kafka:varint(7)}                  # key
        "header2"
        ${kafka:varint(6)}                  # value
        "value2"
write flush
write notify SENT_MESSAGE_B4

write await SENT_MESSAGE_A5
write 5L                                 # first offset
      93                                 # length
      0x00
      [0x02]
      0x4e8723aa
      0s
      0                                  # last offset delta
      ${newTimestamp}                       # first timestamp
      ${newTimestamp}                       # last timestamp
      -1L
      -1s
      -1
      1                                  # records
      ${kafka:varint(43)}
      [0x00]
      ${kafka:varint(0)}
      ${kafka:varint(0)}
      ${kafka:varint(-1)}                 # key
      ${kafka:varint(16)}                # value
      "Hello, world #B5"
      ${kafka:varint(2)}                 # headers
        ${kafka:varint(7)}                   # key
        "header3"
        ${kafka:varint(3)}                   # value
        "one"
        ${kafka:varint(7)}                   # key
        "header3"
        ${kafka:varint(0)}                   # value (empty)
write flush
write notify SENT_MESSAGE_B5

write await SENT_MESSAGE_A6
write 6L                                 # first offset
      124                                # length
      0x00
      [0x02]
      0x4e8723aa
      0s
      0                                  # last offset delta
      ${newTimestamp}                       # first timestamp
      ${newTimestamp}                       # last timestamp
      -1L
      -1s
      -1
      1                                  # records
      ${kafka:varint(73)}
      [0x00]
      ${kafka:varint(0)}
      ${kafka:varint(0)}
      ${kafka:varint(-1)}                 # key
      ${kafka:varint(16)}                # value
      "Hello, world #B6"
      ${kafka:varint(4)}                 # headers
        ${kafka:varint(7)}                   # key
        "header3"
        ${kafka:varint(3)}                   # value
        "one"
        ${kafka:varint(7)}                   # key
        "header3"
        ${kafka:varint(3)}                   # value
        "two"
        ${kafka:varint(7)}                   # key
        "header3"
        ${kafka:varint(5)}                   # value
        "three"
        ${kafka:varint(7)}                   # key
        "header3"
        ${kafka:varint(4)}                   # value
        "four"
write flush
write notify SENT_MESSAGE_B6
