#
# Copyright 2021-2024 Aklivity Inc
#
# Licensed under the Aklivity Community License (the "License"); you may not use
# this file except in compliance with the License.  You may obtain a copy of the
# License at
#
#   https://www.aklivity.io/aklivity-community-license/
#
# Unless required by applicable law or agreed to in writing, software
# distributed under the License is distributed on an "AS IS" BASIS, WITHOUT
# WARRANTIES OF ANY KIND, either express or implied.  See the License for the
# specific language governing permissions and limitations under the License.
#

connect "zilla://streams/app0"
        option zilla:window 8192
        option zilla:transmission "half-duplex"

write zilla:begin.ext ${mcp:beginEx()
                           .typeId(zilla:id("mcp"))
                           .lifecycle()
                               .build()
                           .build()}

connected

read zilla:begin.ext ${mcp:matchBeginEx()
                          .typeId(zilla:id("mcp"))
                          .lifecycle()
                              .sessionId("session-1")
                              .build()
                          .build()}

read notify LIFECYCLE_INITIALIZED

connect await LIFECYCLE_INITIALIZED
        "zilla://streams/app0"
        option zilla:window 8192
        option zilla:transmission "half-duplex"

write zilla:begin.ext ${mcp:beginEx()
                           .typeId(zilla:id("mcp"))
                           .toolsList()
                               .sessionId("session-1")
                               .build()
                           .build()}

connected

# create_pr's securitySchemes aggregate both layers: the global guard-only route (test1, admin)
# and create_pr's own mapping route guard (test0, pr:write) -- in route declaration order
read  '{"tools":[{"name":"create_pr","description":"Create a pull request",'
      '"securitySchemes":[{"type":"oauth2","scopes":["admin"]},{"type":"oauth2","scopes":["pr:write"]}]}]}'
read closed

write close
