#
# Copyright 2021-2023 Aklivity Inc.
#
# Aklivity licenses this file to you under the Apache License,
# version 2.0 (the "License"); you may not use this file except in compliance
# with the License. You may obtain a copy of the License at:
#
#   http://www.apache.org/licenses/LICENSE-2.0
#
# Unless required by applicable law or agreed to in writing, software
# distributed under the License is distributed on an "AS IS" BASIS, WITHOUT
# WARRANTIES OR CONDITIONS OF ANY KIND, either express or implied. See the
# License for the specific language governing permissions and limitations
# under the License.
#

property networkAcceptWindow 8192

property deltaMillis 0L
property newTimestamp ${kafka:timestamp() + deltaMillis}

accept "zilla://streams/net0"
  option zilla:window ${networkAcceptWindow}
  option zilla:transmission "duplex"
  option zilla:byteorder "network"

accepted

connected

read 22                                 # size
     17s                                # sasl.handshake
     1s                                 # v1
     (int:requestId)
     5s "zilla"                         # client id
      5s "PLAIN"                        # mechanism

write 17                                # size
      ${requestId}
      0s                                # no error
      1                                 # mechanisms
        5s "PLAIN"                        # PLAIN

read 37                                 # size
     36s                                # sasl.authenticate
     1s                                 # v1
     (int:requestId)
     5s "zilla"                         # client id
     18
     [0x00] "username"                  # authentication bytes
     [0x00] "password"

write 20                                # size
      ${requestId}
      0s                                # no error
      -1
      -1s                               # authentication bytes
      0L                                # session lifetime
