#
# Copyright 2021-2026 Aklivity Inc.
#
# Aklivity licenses this file to you under the Apache License,
# version 2.0 (the "License"); you may not use this file except in compliance
# with the License. You may obtain a copy of the License at:
#
#   http://www.apache.org/licenses/LICENSE-2.0
#
# Unless required by applicable law or agreed to in writing, software
# distributed under the License is distributed on an "AS IS" BASIS, WITHOUT
# WARRANTIES OR CONDITIONS OF ANY KIND, either express or implied. See the
# License for the specific language governing permissions and limitations
# under the License.
#

accept "zilla://streams/net0"
  option zilla:window 65536
  option zilla:transmission "duplex"
  option zilla:byteorder "network"

accepted
connected

read  [0x10 0xc8 0x50]                                 # CONNECT
      [0x00 0x04] "MQTT"                               # protocol name
      [0x05]                                           # protocol version
      [0x26]                                           # flags = will retain, will flag, clean start
      [0x00 0x0a]                                      # keep alive = 10s
      [0x05]                                           # properties
      [0x27] 33792                                     # maximum packet size = 33792
      [0x00 0x03] "one"                                # client id
      [0x00]                                           # will properties
      [0x00 0x2e] "uagv/v2/kaercher/1.533-002.0-020156/connection"
                                                       # will topic
      [0x28 0x00] [0..10240]                           # will payload

read  [0xe0 0x02]                                      # DISCONNECT
      [0x00]                                           # normal disconnect
      [0x00]                                           # properties = none

write close
read closed
