#
# Copyright 2021-2026 Aklivity Inc
#
# Licensed under the Aklivity Community License (the "License"); you may not use
# this file except in compliance with the License.  You may obtain a copy of the
# License at
#
#   https://www.aklivity.io/aklivity-community-license/
#
# Unless required by applicable law or agreed to in writing, software
# distributed under the License is distributed on an "AS IS" BASIS, WITHOUT
# WARRANTIES OF ANY KIND, either express or implied.  See the License for the
# specific language governing permissions and limitations under the License.
#

property delayMillis 1000L
property expireAt ${mqtt:timestamp() + delayMillis}

accept "zilla://streams/kafka0"
        option zilla:window 8192
        option zilla:transmission "duplex"


accepted

read zilla:begin.ext ${kafka:matchBeginEx()
                            .typeId(zilla:id("kafka"))
                            .merged()
                                .capabilities("PRODUCE_AND_FETCH")
                                .topic("mqtt-sessions")
                                .filter()
                                    .header("type", "will-signal")
                                    .build()
                                .filter()
                                    .header("type", "expiry-signal")
                                    .build()
                                .build()
                            .build()}

connected

write advise zilla:flush ${kafka:flushEx()
                              .typeId(zilla:id("kafka"))
                              .merged()
                                .produce()
                                  .partitionId(0)
                                  .partitionOffset(1)
                                  .timestamp(1000)
                                  .build()
                              .build()}

write advise zilla:flush ${kafka:flushEx()
                              .typeId(zilla:id("kafka"))
                              .merged()
                                .consumer()
                                  .progress(0, 1)
                                  .correlationId(1)
                                  .build()
                              .build()}

write advise zilla:flush ${kafka:flushEx()
                              .typeId(zilla:id("kafka"))
                              .merged()
                                .fetch()
                                  .partition(0, 1)
                                  .progress(0, 1)
                                  .build()
                              .build()}

write zilla:data.ext ${kafka:dataEx()
                           .typeId(zilla:id("kafka"))
                           .merged()
                             .fetch()
                               .deferred(0)
                               .partition(-1, -1)
                               .key("client-1#expiry")
                               .header("type", "expiry-signal")
                               .build()
                           .build()}
write ${mqtt:sessionSignal()
            .expiry()
                .instanceId("zilla-1")
                .clientId("client-1")
                .delay(1000)
                .expireAt(expireAt)
                .build()
            .build()}
write flush

# cleanup session state
read zilla:data.ext ${kafka:matchDataEx()
                           .typeId(zilla:id("kafka"))
                           .merged()
                             .produce()
                               .deferred(0)
                               .partition(-1, -1)
                               .key("client-1")
                               .hashKey("client-1")
                               .build()
                           .build()}
read zilla:data.null
