#
# Copyright 2021-2026 Aklivity Inc.
#
# Aklivity licenses this file to you under the Apache License,
# version 2.0 (the "License"); you may not use this file except in compliance
# with the License. You may obtain a copy of the License at:
#
#   http://www.apache.org/licenses/LICENSE-2.0
#
# Unless required by applicable law or agreed to in writing, software
# distributed under the License is distributed on an "AS IS" BASIS, WITHOUT
# WARRANTIES OR CONDITIONS OF ANY KIND, either express or implied. See the
# License for the specific language governing permissions and limitations
# under the License.
#

accept "zilla://streams/app0"
        option zilla:window 0
        option zilla:transmission "duplex"

accepted

read zilla:begin.ext ${mqtt:matchBeginEx()
                             .typeId(zilla:id("mqtt"))
                             .session()
                                .flags("WILL", "CLEAN_START")
                                .clientId("one")
                                .build()
                             .build()}

write zilla:begin.ext ${mqtt:beginEx()
                              .typeId(zilla:id("mqtt"))
                              .session()
                                .flags("WILL", "CLEAN_START")
                                .subscribeQosMax(2)
                                .publishQosMax(2)
                                .packetSizeMax(33792)
                                .capabilities("RETAIN", "WILDCARD", "SUBSCRIPTION_IDS", "SHARED_SUBSCRIPTIONS")
                                .clientId("one")
                                .build()
                              .build()}

connected

# the session stream is established at this point - safe for the network
# side to abort now, without racing ahead of CONNECT even being received
write notify SESSION_ESTABLISHED

# zero window granted at accept, so the will payload cannot have been
# forwarded yet regardless of when this is reached - decodeSlot is
# guaranteed to still hold everything until we explicitly grant window
read option zilla:window 8192
read zilla:data.ext ${mqtt:dataEx()
                             .typeId(zilla:id("mqtt"))
                             .session()
                                .deferred(2092)
                                .kind("WILL")
                                .build()
                             .build()}
read ${mqtt:will()
               .topic("wills/one")
               .payloadSize(10240)
               .build()}
read [0..8148]

# exact-match the deferred remainder - a lenient byte-count range would be
# silently satisfied by zero bytes if the abort raced in and discarded it,
# so this is what actually proves the fix forwards it rather than losing it
read ${mqtt:seededBytes(2092)}

write zilla:data.empty
write flush

read aborted
