#
# Copyright 2021-2024 Aklivity Inc
#
# Licensed under the Aklivity Community License (the "License"); you may not use
# this file except in compliance with the License.  You may obtain a copy of the
# License at
#
#   https://www.aklivity.io/aklivity-community-license/
#
# Unless required by applicable law or agreed to in writing, software
# distributed under the License is distributed on an "AS IS" BASIS, WITHOUT
# WARRANTIES OF ANY KIND, either express or implied.  See the License for the
# specific language governing permissions and limitations under the License.
#

accept "zilla://streams/app1"
    option zilla:window 8192
    option zilla:transmission "duplex"

accepted

read zilla:begin.ext ${pgsql:beginEx()
                              .typeId(zilla:id("pgsql"))
                              .parameter("user", "root")
                              .parameter("database", "dev")
                              .parameter("application_name", "psql")
                              .parameter("client_encoding", "UTF8")
                              .build()}

connected

read await CREATE_TOPIC_COMPLETED

read zilla:data.ext ${pgsql:dataEx()
                              .typeId(zilla:id("pgsql"))
                              .query()
                                .build()
                              .build()}
read  "CREATE SOURCE IF NOT EXISTS cities_source (*)\n"
      "INCLUDE header 'zilla:correlation-id' AS zilla_correlation_id_header\n"
      "INCLUDE header 'zilla:identity' AS zilla_identity_header\n"
      "INCLUDE timestamp AS zilla_timestamp_timestamp\n"
      "WITH (\n"
      "   connector='kafka',\n"
      "   properties.bootstrap.server='localhost:9092',\n"
      "   topic='dev.cities',\n"
      "   scan.startup.mode='latest',\n"
      "   scan.startup.timestamp.millis='140000000'\n"
      ") FORMAT PLAIN ENCODE AVRO (\n"
      "   schema.registry = 'http://localhost:8081'\n"
      ");"
      [0x00]

write advise zilla:flush ${pgsql:flushEx()
                              .typeId(zilla:id("pgsql"))
                              .completion()
                                .tag("CREATE_SOURCE")
                                .build()
                              .build()}

write advise zilla:flush ${pgsql:flushEx()
                              .typeId(zilla:id("pgsql"))
                              .ready()
                                .status("IDLE")
                                .build()
                              .build()}

read zilla:data.ext ${pgsql:dataEx()
                              .typeId(zilla:id("pgsql"))
                              .query()
                                .build()
                              .build()}
read "CREATE MATERIALIZED VIEW IF NOT EXISTS cities_view"
     " AS SELECT id, name, description,"
     " COALESCE(zilla_correlation_id, zilla_correlation_id_header::varchar) as zilla_correlation_id,"
     " COALESCE(zilla_identity, zilla_identity_header::varchar) as zilla_identity,"
     " COALESCE(zilla_timestamp, zilla_timestamp_timestamp::varchar) as zilla_timestamp"
     " FROM cities_source;"
     [0x00]

write advise zilla:flush ${pgsql:flushEx()
                              .typeId(zilla:id("pgsql"))
                              .completion()
                                .tag("CREATE_MATERIALIZED_VIEW")
                                .build()
                              .build()}

write advise zilla:flush ${pgsql:flushEx()
                              .typeId(zilla:id("pgsql"))
                              .ready()
                                .status("IDLE")
                                .build()
                              .build()}

read zilla:data.ext ${pgsql:dataEx()
                              .typeId(zilla:id("pgsql"))
                              .query()
                                .build()
                              .build()}
read "CREATE TABLE IF NOT EXISTS cities"
     " (id VARCHAR, name VARCHAR, description VARCHAR,"
     " zilla_correlation_id VARCHAR, zilla_identity VARCHAR, zilla_timestamp TIMESTAMP,"
     " PRIMARY KEY (id));"
     [0x00]

write advise zilla:flush ${pgsql:flushEx()
                              .typeId(zilla:id("pgsql"))
                              .completion()
                                .tag("CREATE_TABLE")
                                .build()
                              .build()}

write advise zilla:flush ${pgsql:flushEx()
                              .typeId(zilla:id("pgsql"))
                              .ready()
                                .status("IDLE")
                                .build()
                              .build()}

read zilla:data.ext ${pgsql:dataEx()
                              .typeId(zilla:id("pgsql"))
                              .query()
                                .build()
                              .build()}
read "CREATE SINK cities_view_sink INTO cities FROM cities_view;"
     [0x00]

write advise zilla:flush ${pgsql:flushEx()
                              .typeId(zilla:id("pgsql"))
                              .completion()
                                .tag("CREATE_SINK")
                                .build()
                              .build()}

write advise zilla:flush ${pgsql:flushEx()
                              .typeId(zilla:id("pgsql"))
                              .ready()
                                .status("IDLE")
                                .build()
                              .build()}

read zilla:data.ext ${pgsql:dataEx()
                              .typeId(zilla:id("pgsql"))
                              .query()
                                .build()
                              .build()}
read "CREATE SINK cities_sink\n"
     "FROM cities\n"
     "WITH (\n"
     "   connector='kafka',\n"
     "   properties.bootstrap.server='localhost:9092',\n"
     "   topic='dev.cities',\n"
     "   primary_key='id'\n"
     ") FORMAT UPSERT ENCODE AVRO (\n"
     "   schema.registry='http://localhost:8081'\n"
     ") KEY ENCODE TEXT;"
     [0x00]

write advise zilla:flush ${pgsql:flushEx()
                              .typeId(zilla:id("pgsql"))
                              .completion()
                                .tag("CREATE_SINK")
                                .build()
                              .build()}

write advise zilla:flush ${pgsql:flushEx()
                              .typeId(zilla:id("pgsql"))
                              .ready()
                                .status("IDLE")
                                .build()
                              .build()}

accept "zilla://streams/app2"
    option zilla:window 8192
    option zilla:transmission "duplex"

accepted

read zilla:begin.ext ${pgsql:beginEx()
                              .typeId(zilla:id("pgsql"))
                              .parameter("user", "root")
                              .parameter("database", "dev")
                              .parameter("application_name", "psql")
                              .parameter("client_encoding", "UTF8")
                              .build()}

connected

read zilla:data.ext ${pgsql:dataEx()
                              .typeId(zilla:id("pgsql"))
                              .query()
                                .build()
                              .build()}
read "CREATE TOPIC IF NOT EXISTS cities "
     "(id VARCHAR, name VARCHAR, description VARCHAR,"
     " zilla_correlation_id VARCHAR, zilla_identity VARCHAR, zilla_timestamp TIMESTAMP,"
     " PRIMARY KEY (id));"
     [0x00]

write advise zilla:flush ${pgsql:flushEx()
                              .typeId(zilla:id("pgsql"))
                              .completion()
                                .tag("CREATE_TOPIC")
                                .build()
                              .build()}

write notify CREATE_TOPIC_COMPLETED

write advise zilla:flush ${pgsql:flushEx()
                              .typeId(zilla:id("pgsql"))
                              .ready()
                                .status("IDLE")
                                .build()
                              .build()}
