#
# Copyright 2021-2026 Aklivity Inc
#
# Licensed under the Aklivity Community License (the "License"); you may not use
# this file except in compliance with the License.  You may obtain a copy of the
# License at
#
#   https://www.aklivity.io/aklivity-community-license/
#
# Unless required by applicable law or agreed to in writing, software
# distributed under the License is distributed on an "AS IS" BASIS, WITHOUT
# WARRANTIES OF ANY KIND, either express or implied.  See the License for the
# specific language governing permissions and limitations under the License.
#

property authorization 0L

connect "zilla://streams/mcp0"
        option zilla:window 16384
        option zilla:transmission "half-duplex"
        option zilla:authorization ${authorization}

write zilla:begin.ext ${mcp:beginEx()
                           .typeId(zilla:id("mcp"))
                           .lifecycle()
                               .build()
                           .build()}

connected

read zilla:begin.ext ${mcp:matchBeginEx()
                          .typeId(zilla:id("mcp"))
                          .lifecycle()
                              .sessionId("5ca1ab1e-c0de-4a11-5e55-000100000000")
                              .build()
                          .build()}

read notify LIFECYCLE_INITIALIZED

connect await LIFECYCLE_INITIALIZED
        "zilla://streams/mcp0"
        option zilla:window 3000
        option zilla:transmission "half-duplex"
        option zilla:authorization ${authorization}

write zilla:begin.ext ${mcp:beginEx()
                           .typeId(zilla:id("mcp"))
                           .toolsList()
                               .sessionId("5ca1ab1e-c0de-4a11-5e55-000100000000")
                               .build()
                           .build()}

connected

# produce matches two distinct tool-scoped routes (test1/admin, test0/write:kafka), so its
# securitySchemes aggregate both, in route declaration order -- proving toolGuarded accumulates
# across every route whose condition applies to the tool rather than stopping at the first match.
# consume_messages matches neither route, so it carries no securitySchemes field at all.
read  '{"tools":[{"name":"produce_message","title":"Produce Message",'
        '"description":"Produce a message to a Kafka topic.",'
        '"inputSchema":{"type":"object","properties":'
        '{"topic":{"type":"string"},"value":{"type":"string"},"key":{"type":"string"},'
        '"partition":{"type":"integer"},"headers":{"type":"array","items":{"type":"object",'
        '"additionalProperties":{"type":"string"}}}},"required":["topic","value"]},'
        '"outputSchema":{"type":"object","properties":{"topic":{"type":"string"},'
        '"partition":{"type":"integer"},"offset":{"type":"integer"},"timestamp":{"type":"integer"}},'
        '"required":["topic","partition","offset","timestamp"]},'
        '"securitySchemes":[{"type":"oauth2","scopes":["admin"]},'
        '{"type":"oauth2","scopes":["write:kafka"]}]},'
        '{"name":"consume_messages","title":"Consume Messages",'
        '"description":"Consume messages from a Kafka topic partition.",'
        '"inputSchema":{"type":"object","properties":'
        '{"topic":{"type":"string"},"partition":{"type":"integer"},"offset":{"type":"integer"},'
        '"limit":{"type":"integer"}},"required":["topic"]},'
        '"outputSchema":{"type":"object","properties":{"topic":{"type":"string"},'
        '"messages":{"type":"array","items":{"type":"object","properties":'
        '{"key":{"type":["string","null"]},"value":{"type":"string"},'
        '"partition":{"type":"integer"},"offset":{"type":"integer"},'
        '"timestamp":{"type":"integer"},"headers":{"type":"array","items":'
        '{"type":"object","additionalProperties":{"type":"string"}}}},"required":'
        '["value","partition","offset","timestamp","headers"]}},"count":{"type":"integer"}},'
        '"required":["topic","messages","count"]},'
        '"annotations":{"readOnlyHint":true,"destructiveHint":false,"idempotentHint":true}},'
        '{"name":"create_topics","title":"Create Topics",'
        '"description":"Create one or more Kafka topics.",'
        '"inputSchema":{"type":"object","properties":'
        '{"topics":{"type":"array","items":{"type":"object","properties":'
        '{"topic":{"type":"string"},"partitions":{"type":"integer"},"replicas":{"type":"integer"},'
        '"assignments":{"type":"array","items":{"type":"object","properties":'
        '{"partition":{"type":"integer"},"brokers":{"type":"array","items":'
        '{"type":"integer"}}},"required":["partition","brokers"]}},'
        '"configs":{"type":"object","additionalProperties":{"type":"string"}}},"required":'
        '["topic","partitions","replicas"]}},'
        '"validate_only":{"type":"boolean"}},"required":["topics"]},'
        '"outputSchema":{"type":"object","properties":{"topics":{"type":"array",'
        '"items":{"type":"object","properties":{"topic":{"type":"string"},'
        '"error":{"type":"integer"},"error_message":{"type":"string"}},'
        '"required":["topic","error"]}}},"required":["topics"]},'
        '"annotations":{"destructiveHint":false}},'
        '{"name":"delete_topics","title":"Delete Topics",'
        '"description":"Delete one or more Kafka topics.",'
        '"inputSchema":{"type":"object","properties":'
        '{"topics":{"type":"array","items":{"type":"string"}}},'
        '"required":["topics"]},"outputSchema":{"type":"object","properties":'
        '{"topics":{"type":"array","items":{"type":"object","properties":'
        '{"topic":{"type":"string"},"error":{"type":"integer"},"error_message":{"type":"string"}},'
        '"required":["topic","error"]}}},"required":["topics"]},'
        '"annotations":{"destructiveHint":true,"idempotentHint":true}},'
        '{"name":"describe_topic_configs","title":"Describe Topic Configs",'
        '"description":"Describe the configuration of a Kafka topic.",'
        '"inputSchema":{"type":"object","properties":'
        '{"topic":{"type":"string"}},"required":["topic"]},'
        '"outputSchema":{"type":"object","properties":{"configs":{"type":"array","items":'
        '{"type":"object","properties":{"name":{"type":"string"},"value":{"type":"string"},'
        '"is_default":{"type":"boolean"},"is_sensitive":{"type":"boolean"}},"required":'
        '["name","is_default","is_sensitive"]}}},"required":["configs"]},'
        '"annotations":{"readOnlyHint":true,"destructiveHint":false,"idempotentHint":true}},'
        '{"name":"describe_broker_configs","title":"Describe Broker Configs",'
        '"description":"Describe the configuration of a Kafka broker.",'
        '"inputSchema":{"type":"object","properties":'
        '{"broker_id":{"type":"integer"}},"required":["broker_id"]},'
        '"outputSchema":{"type":"object","properties":{"configs":{"type":"array","items":'
        '{"type":"object","properties":{"name":{"type":"string"},"value":{"type":"string"},'
        '"is_default":{"type":"boolean"},"is_sensitive":{"type":"boolean"}},"required":'
        '["name","is_default","is_sensitive"]}}},"required":["configs"]},'
        '"annotations":{"readOnlyHint":true,"destructiveHint":false,"idempotentHint":true}},'
        '{"name":"alter_topic_configs","title":"Alter Topic Configs",'
        '"description":"Alter the configuration of a Kafka topic.",'
        '"inputSchema":{"type":"object","properties":'
        '{"topic":{"type":"string"},"configs":{"type":"object",'
        '"additionalProperties":{"type":"string"}}},"required":'
        '["topic","configs"]},"outputSchema":{"type":"object",'
        '"properties":{"topic":{"type":"string"},'
        '"updated":{"type":"boolean"}},"required":["topic","updated"]},'
        '"annotations":{"readOnlyHint":false,"destructiveHint":true}},'
        '{"name":"alter_broker_configs","title":"Alter Broker Configs",'
        '"description":"Alter the configuration of a Kafka broker.",'
        '"inputSchema":{"type":"object","properties":'
        '{"broker_id":{"type":"integer"},"configs":{"type":"object",'
        '"additionalProperties":{"type":"string"}}},"required":'
        '["broker_id","configs"]},"outputSchema":{"type":"object",'
        '"properties":{"broker_id":{"type":"integer"},'
        '"updated":{"type":"boolean"}},"required":["broker_id","updated"]},'
        '"annotations":{"readOnlyHint":false,"destructiveHint":true}},'
        '{"name":"list_acls","title":"List ACLs",'
        '"description":"List Kafka ACL bindings matching a filter.",'
        '"inputSchema":{"type":"object","properties":{"resour'
        'ce_type":{"type":"string","enum":["topic","group","cluster","transaction'
        'al_id","delegation_token","user","any"]},"resource_name":{"type":"string'
        '"},"pattern_type":{"type":"string","enum":["literal","prefixed","match",'
        '"any"]},"principal":{"type":"string"},"host":{"type":"string"},"operatio'
        'n":{"type":"string","enum":["any","all","read","write","create","delete"'
        ',"alter","describe","cluster_action","describe_configs","alter_configs",'
        '"idempotent_write","create_tokens","describe_tokens","two_phase_commit"]'
        '},"permission_type":{"type":"string","enum":["allow","deny","any"]}}},"o'
        'utputSchema":{"type":"object","properties":{"acls":{"type":"array","item'
        's":{"type":"object","properties":{"resource_type":{"type":"string"},"res'
        'ource_name":{"type":"string"},"pattern_type":{"type":"string"},"principa'
        'l":{"type":"string"},"host":{"type":"string"},"operation":{"type":"strin'
        'g"},"permission_type":{"type":"string"}},"required":["resource_type","re'
        'source_name","pattern_type","principal","host","operation","permission_t'
        'ype"]}}},"required":["acls"]},"annotations":{"readOnlyHint":true,"destru'
        'ctiveHint":false,"idempotentHint":true}},{"name":"create_acls","title":"'
        'Create ACLs","description":"Create one or more Kafka ACL bindings.","inp'
        'utSchema":{"type":"object","properties":{"acls":{"type":"array","items":{"typ'
        'e":"object","properties":{"resource_type":{"type":"string","enum":["topi'
        'c","group","cluster","transactional_id","delegation_token","user","any"]'
        '},"resource_name":{"type":"string"},"pattern_type":{"type":"string","enu'
        'm":["literal","prefixed"]},"principal":{"type":"string"},"host":{"type":'
        '"string"},"operation":{"type":"string","enum":["any","all","read","write'
        '","create","delete","alter","describe","cluster_action","describe_config'
        's","alter_configs","idempotent_write","create_tokens","describe_tokens",'
        '"two_phase_commit"]},"permission_type":{"type":"string","enum":["allow",'
        '"deny"]}},"required":["resource_type","resource_name","principal","opera'
        'tion","permission_type"]}}},"required":["acls"]},"outputSchema":{"type":'
        '"object","properties":{"acls":{"type":"array","items":{"type":"object","'
        'properties":{"resource_type":{"type":"string"},"resource_name":{"type":"'
        'string"},"pattern_type":{"type":"string"},"principal":{"type":"string"},'
        '"host":{"type":"string"},"operation":{"type":"string"},"permission_type"'
        ':{"type":"string"},"error":{"type":"integer"},"error_message":{"type":"s'
        'tring"}},"required":["resource_type","resource_name","principal","operat'
        'ion","permission_type","error"]}}},"required":["acls"]}},{"name":"delete'
        '_acls","title":"Delete ACLs","description":"Delete Kafka ACL bindings ma'
        'tching a filter.","inputSchema":{"type":"object","properties":{"acls":{"type":"arra'
        'y","items":{"type":"object","properties":{"resource_type":{"type":"strin'
        'g","enum":["topic","group","cluster","transactional_id","delegation_toke'
        'n","user","any"]},"resource_name":{"type":"string"},"pattern_type":{"typ'
        'e":"string","enum":["literal","prefixed","match","any"]},"principal":{"t'
        'ype":"string"},"host":{"type":"string"},"operation":{"type":"string","en'
        'um":["any","all","read","write","create","delete","alter","describe","cl'
        'uster_action","describe_configs","alter_configs","idempotent_write","cre'
        'ate_tokens","describe_tokens","two_phase_commit"]},"permission_type":{"t'
        'ype":"string","enum":["allow","deny","any"]}}}}},"required":["acls"]},"o'
        'utputSchema":{"type":"object","properties":{"deleted":{"type":"array","i'
        'tems":{"type":"object","properties":{"resource_type":{"type":"string"},"'
        'resource_name":{"type":"string"},"pattern_type":{"type":"string"},"princ'
        'ipal":{"type":"string"},"host":{"type":"string"},"operation":{"type":"st'
        'ring"},"permission_type":{"type":"string"},"error":{"type":"integer"},"e'
        'rror_message":{"type":"string"}},"required":["resource_type","resource_n'
        'ame","principal","operation","permission_type","error"]}}},"required":["'
        'deleted"]}},'
        '{"name":"list_topics","title":"List Topics",'
        '"description":"List all Kafka topics in the cluster.",'
        '"inputSchema":{"type":"object","properties":{},"additionalProperties":false},'
        '"outputSchema":{"type":"object","properties":'
        '{"topics":{"type":"array","items":{"type":"object","properties":'
        '{"topic":{"type":"string"},"partition_count":{"type":"integer"},'
        '"replication_factor":{"type":"integer"}},"required":'
        '["topic","partition_count","replication_factor"]}}},"required":["topics"]},'
        '"annotations":{"readOnlyHint":true,"destructiveHint":false,"idempotentHint":true}},'
        '{"name":"describe_topic","title":"Describe Topic",'
        '"description":"Describe the partitions and replicas of a Kafka topic.",'
        '"inputSchema":{"type":"object","properties":'
        '{"topic":{"type":"string"}},"required":["topic"]},'
        '"outputSchema":{"type":"object","properties":{"topic":{"type":"string"},'
        '"partitions":{"type":"array","items":{"type":"object","properties":'
        '{"partition":{"type":"integer"},"leader":{"type":"integer"},'
        '"replicas":{"type":"array","items":{"type":"integer"}},'
        '"isr":{"type":"array","items":{"type":"integer"}}},"required":'
        '["partition","leader","replicas","isr"]}}},"required":["topic","partitions"]},'
        '"annotations":{"readOnlyHint":true,"destructiveHint":false,"idempotentHint":true}},'
        '{"name":"cluster_overview","title":"Cluster Overview",'
        '"description":"Summarize the health and size of the Kafka cluster.",'
        '"inputSchema":{"type":"object","properties":{},"additionalProperties":false},'
        '"outputSchema":{"type":"object","properties":'
        '{"broker_count":{"type":"integer"},"controller_id":{"type":"integer"},'
        '"under_replicated_partitions":{"type":"integer"},"offline_partitions":{"type":"integer"},'
        '"topic_count":{"type":"integer"}},"required":'
        '["broker_count","controller_id","under_replicated_partitions","offline_partitions","topic_count"]},'
        '"annotations":{"readOnlyHint":true,"destructiveHint":false,"idempotentHint":true}},'
        '{"name":"list_brokers","title":"List Brokers",'
        '"description":"List the brokers in the Kafka cluster.",'
        '"inputSchema":{"type":"object","properties":{},"additionalProperties":false},'
        '"outputSchema":{"type":"object","properties":{"brokers":{"type":"array",'
        '"items":{"type":"object","properties":{"broker_id":{"type":"integer"},'
        '"host":{"type":"string"},"port":{"type":"integer"},"rack":{"type":"string"}},'
        '"required":["broker_id","host","port"]}}},"required":["brokers"]},'
        '"annotations":{"readOnlyHint":true,"destructiveHint":false,"idempotentHint":true}},'
        '{"name":"describe_cluster","title":"Describe Cluster",'
        '"description":"Describe the Kafka cluster id, controller, and authorized operations.",'
        '"inputSchema":{"type":"object","properties":{},"additionalProperties":false},'
        '"outputSchema":{"type":"object","properties":{"cluster_id":{"type":"string"},'
        '"controller_id":{"type":"integer"},"authorized_operations":{"type":"integer"}},'
        '"required":["controller_id","authorized_operations"]},"annotations":{"readOnlyHint":true,'
        '"destructiveHint":false,"idempotentHint":true}},'
        '{"name":"list_consumer_groups","title":"List Consumer Groups",'
        '"description":"List the Kafka consumer groups in the cluster.",'
        '"inputSchema":{"type":"object","properties":{},"additionalProperties":false},'
        '"outputSchema":{"type":"object","properties":{"groups":{"type":"array","items":'
        '{"type":"object","properties":{"group_id":{"type":"string"},"state":{"type":"string"}},'
        '"required":["group_id","state"]}}},"required":["groups"]},'
        '"annotations":{"readOnlyHint":true,"destructiveHint":false,"idempotentHint":true}},'
        '{"name":"describe_consumer_group","title":"Describe Consumer Group",'
        '"description":"Describe the members and state of a Kafka consumer group.",'
        '"inputSchema":{"type":"object","properties":'
        '{"group_id":{"type":"string"}},"required":["group_id"]},'
        '"outputSchema":{"type":"object","properties":{"group_id":{"type":"string"},'
        '"state":{"type":"string"},"members":{"type":"array","items":{"type":"object","properties":'
        '{"member_id":{"type":"string"},"client_id":{"type":"string"},"assignments":'
        '{"type":"array","items":{"type":"object","properties":{"topic":{"type":"string"},'
        '"partition":{"type":"integer"}},"required":["topic","partition"]}}},'
        '"required":["member_id","client_id"]}}},"required":["group_id","state","members"]},'
        '"annotations":{"readOnlyHint":true,"destructiveHint":false,"idempotentHint":true}},'
        '{"name":"describe_consumer_group_lag","title":"Describe Consumer Group Lag",'
        '"description":"Describe the per-partition lag of a Kafka consumer group.",'
        '"inputSchema":{"type":"object","properties":'
        '{"group_id":{"type":"string"}},"required":["group_id"]},'
        '"outputSchema":{"type":"object","properties":{"group_id":{"type":"string"},'
        '"partitions":{"type":"array","items":{"type":"object","properties":'
        '{"topic":{"type":"string"},"partition":{"type":"integer"},'
        '"committed_offset":{"type":"integer"},"end_offset":{"type":"integer"},'
        '"lag":{"type":"integer"}},"required":'
        '["topic","partition","committed_offset","end_offset","lag"]}}},'
        '"required":["group_id","partitions"]},'
        '"annotations":{"readOnlyHint":true,"destructiveHint":false,"idempotentHint":true}},'
        '{"name":"reset_offsets","title":"Reset Consumer Group Offsets",'
        '"description":"Reset the committed offset for a Kafka consumer group topic partition.",'
        '"inputSchema":{"type":"object","properties":'
        '{"group_id":{"type":"string"},"topic":{"type":"string"},"partition":{"type":"integer"},'
        '"offset":{"type":"integer"}},"required":["group_id","topic","partition","offset"]},'
        '"outputSchema":{"type":"object","properties":{"group_id":{"type":"string"},'
        '"topic":{"type":"string"},"partition":{"type":"integer"},"offset":{"type":"integer"},'
        '"reset":{"type":"boolean"}},"required":["group_id","topic","partition","offset","reset"]},'
        '"annotations":{"readOnlyHint":false,"destructiveHint":true,"idempotentHint":true}}]}'
read closed

write close
