#
# Copyright 2021-2026 Aklivity Inc
#
# Licensed under the Aklivity Community License (the "License"); you may not use
# this file except in compliance with the License.  You may obtain a copy of the
# License at
#
#   https://www.aklivity.io/aklivity-community-license/
#
# Unless required by applicable law or agreed to in writing, software
# distributed under the License is distributed on an "AS IS" BASIS, WITHOUT
# WARRANTIES OF ANY KIND, either express or implied.  See the License for the
# specific language governing permissions and limitations under the License.
#

connect "zilla://streams/app0"
        option zilla:window 8192
        option zilla:transmission "half-duplex"

write zilla:begin.ext ${mcp:beginEx()
                           .typeId(zilla:id("mcp"))
                           .lifecycle()
                               .build()
                           .build()}

connected

read zilla:begin.ext ${mcp:matchBeginEx()
                          .typeId(zilla:id("mcp"))
                          .lifecycle()
                              .sessionId("5ca1ab1e-c0de-4a11-5e55-000100000000")
                              .build()
                          .build()}

read notify LIFECYCLE_INITIALIZED

connect await LIFECYCLE_INITIALIZED
        "zilla://streams/app0"
        option zilla:window 8192
        option zilla:transmission "half-duplex"

write zilla:begin.ext ${mcp:beginEx()
                           .typeId(zilla:id("mcp"))
                           .toolsList()
                               .sessionId("5ca1ab1e-c0de-4a11-5e55-000100000000")
                               .build()
                           .build()}

connected

# tools/list answered from the generated mcp_openapi config, without any call
# reaching Kafka Connect -- the fixed eighteen-tool set is known statically from the
# bundled spec's routes.
read  '{"tools":[{"name":"list_connectors","title":"List Connectors","description":"List the names of every connector on the worker.","inputSchema":{"type":"object","properties":{}},"annotations":{"readOnlyHint":true,"destructiveHint":false,"idempotentHint":true,"openWorldHint":false}},'
        '{"name":"create_connector","title":"Create Connector","description":"Create a new connector.","inputSchema":{"type":"object","properties":{"config":{"type":"object"},"name":{"type":"string"}}},"annotations":{"readOnlyHint":false,"destructiveHint":false,"idempotentHint":false,"openWorldHint":false}},'
        '{"name":"describe_connector","title":"Describe Connector","description":"Read the configuration and task list of a connector.","inputSchema":{"type":"object","properties":{"connector":{"type":"string"}},"required":["connector"]},"annotations":{"readOnlyHint":true,"destructiveHint":false,"idempotentHint":true,"openWorldHint":false}},'
        '{"name":"delete_connector","title":"Delete Connector","description":"Delete a connector.","inputSchema":{"type":"object","properties":{"connector":{"type":"string"}},"required":["connector"]},"annotations":{"readOnlyHint":false,"destructiveHint":true,"idempotentHint":true,"openWorldHint":false}},'
        '{"name":"describe_connector_config","title":"Describe Connector Config","description":"Read the effective configuration of a connector.","inputSchema":{"type":"object","properties":{"connector":{"type":"string"}},"required":["connector"]},"outputSchema":{"type":"object"},"annotations":{"readOnlyHint":true,"destructiveHint":false,"idempotentHint":true,"openWorldHint":false}},'
        '{"name":"update_connector_config","title":"Update Connector Config","description":"Create or update a connector by setting its full configuration.","inputSchema":{"type":"object","properties":{"connector":{"type":"string"}},"required":["connector"]},"annotations":{"readOnlyHint":false,"destructiveHint":false,"idempotentHint":true,"openWorldHint":false}},'
        '{"name":"validate_connector_config","title":"Validate Connector Config","description":"Validate a connector configuration against a plugin configuration definition, without creating or updating any connector.","inputSchema":{"type":"object","properties":{"pluginName":{"type":"string"}},"required":["pluginName"]},"annotations":{"readOnlyHint":true,"destructiveHint":false,"idempotentHint":true,"openWorldHint":false}},'
        '{"name":"describe_connector_status","title":"Describe Connector Status","description":"Read the current state of a connector and the state of each of its tasks.","inputSchema":{"type":"object","properties":{"connector":{"type":"string"}},"required":["connector"]},"annotations":{"readOnlyHint":true,"destructiveHint":false,"idempotentHint":true,"openWorldHint":false}},'
        '{"name":"restart_connector","title":"Restart Connector","description":"Restart a connector.","inputSchema":{"type":"object","properties":{"connector":{"type":"string"}},"required":["connector"]},"annotations":{"readOnlyHint":false,"destructiveHint":false,"idempotentHint":false,"openWorldHint":false}},'
        '{"name":"pause_connector","title":"Pause Connector","description":"Pause a connector and all of its tasks.","inputSchema":{"type":"object","properties":{"connector":{"type":"string"}},"required":["connector"]},"annotations":{"readOnlyHint":false,"destructiveHint":false,"idempotentHint":true,"openWorldHint":false}},'
        '{"name":"resume_connector","title":"Resume Connector","description":"Resume a paused connector and all of its tasks.","inputSchema":{"type":"object","properties":{"connector":{"type":"string"}},"required":["connector"]},"annotations":{"readOnlyHint":false,"destructiveHint":false,"idempotentHint":true,"openWorldHint":false}},'
        '{"name":"stop_connector","title":"Stop Connector","description":"Stop a connector and shut down all of its tasks, without deleting the connector.","inputSchema":{"type":"object","properties":{"connector":{"type":"string"}},"required":["connector"]},"annotations":{"readOnlyHint":false,"destructiveHint":false,"idempotentHint":true,"openWorldHint":false}},'
        '{"name":"list_connector_tasks","title":"List Connector Tasks","description":"List every task belonging to a connector.","inputSchema":{"type":"object","properties":{"connector":{"type":"string"}},"required":["connector"]},"annotations":{"readOnlyHint":true,"destructiveHint":false,"idempotentHint":true,"openWorldHint":false}},'
        '{"name":"restart_connector_task","title":"Restart Connector Task","description":"Restart a single task belonging to a connector.","inputSchema":{"type":"object","properties":{"connector":{"type":"string"},"task":{"type":"integer"}},"required":["connector","task"]},"outputSchema":{"type":"object"},"annotations":{"readOnlyHint":false,"destructiveHint":false,"idempotentHint":false,"openWorldHint":false}},'
        '{"name":"describe_connector_offsets","title":"Describe Connector Offsets","description":"Read the current source or sink offsets of a connector.","inputSchema":{"type":"object","properties":{"connector":{"type":"string"}},"required":["connector"]},"outputSchema":{"type":"object"},"annotations":{"readOnlyHint":true,"destructiveHint":false,"idempotentHint":true,"openWorldHint":false}},'
        '{"name":"alter_connector_offsets","title":"Alter Connector Offsets","description":"Overwrite the source or sink offsets of a connector. The connector must be stopped first.","inputSchema":{"type":"object","properties":{"connector":{"type":"string"},"offsets":{"type":"array"}},"required":["connector"]},"annotations":{"readOnlyHint":false,"destructiveHint":true,"idempotentHint":true,"openWorldHint":false}},'
        '{"name":"reset_connector_offsets","title":"Reset Connector Offsets","description":"Reset the source or sink offsets of a connector to their initial state. The connector must be stopped first.","inputSchema":{"type":"object","properties":{"connector":{"type":"string"}},"required":["connector"]},"annotations":{"readOnlyHint":false,"destructiveHint":true,"idempotentHint":true,"openWorldHint":false}},'
        '{"name":"list_connector_plugins","title":"List Connector Plugins","description":"List every connector plugin installed on the worker.","inputSchema":{"type":"object","properties":{}},"annotations":{"readOnlyHint":true,"destructiveHint":false,"idempotentHint":true,"openWorldHint":false}}'
        ']}'
read closed

write close
