#
# Copyright 2021-2026 Aklivity Inc
#
# Licensed under the Aklivity Community License (the "License"); you may not use
# this file except in compliance with the License.  You may obtain a copy of the
# License at
#
#   https://www.aklivity.io/aklivity-community-license/
#
# Unless required by applicable law or agreed to in writing, software
# distributed under the License is distributed on an "AS IS" BASIS, WITHOUT
# WARRANTIES OF ANY KIND, either express or implied.  See the License for the
# specific language governing permissions and limitations under the License.
#

connect "zilla://streams/net0"
        option zilla:window 8192
        option zilla:transmission "half-duplex"

write zilla:begin.ext ${http:beginEx()
                            .typeId(zilla:id("http"))
                            .header(":method", "POST")
                            .header(":scheme", "http")
                            .header(":authority", "example.com:8080")
                            .header(":path", "/v1/chat/completions")
                            .header("content-type", "application/json")
                            .build()}

connected

write "{\"model\":\"gpt-4o-mini\",\"messages\":[{\"role\":\"user\",\"content\":\"Say hello in one sentence.\"}],\"stream\":false}"
write close

read zilla:begin.ext ${http:matchBeginEx()
                           .typeId(zilla:id("http"))
                           .header(":status", "200")
                           .header("content-type", "application/json")
                           .build()}

read "{\"id\":\"chatcmpl-EQNKhNLHHohc7KwUHH83164mX3IMA\",\"object\":\"chat.completion\",\"created\":1789954927,\"model\":\"gpt-4o-mini-2024-07-18\",\"choices\":[{\"index\":0,\"message\":{\"role\":\"assistant\",\"content\":\"Hello! How can I assist you today?\",\"refusal\":null,\"annotations\":[]},\"logprobs\":null,\"finish_reason\":\"stop\"}],\"usage\":{\"prompt_tokens\":13,\"completion_tokens\":9,\"total_tokens\":22,\"prompt_tokens_details\":{\"cached_tokens\":0,\"audio_tokens\":0},\"completion_tokens_details\":{\"reasoning_tokens\":0,\"audio_tokens\":0,\"accepted_prediction_tokens\":0,\"rejected_prediction_tokens\":0}},\"service_tier\":\"default\",\"system_fingerprint\":\"fp_c28ee603a6\"}"

read closed
