#
# Copyright 2021-2022 Aklivity Inc.
#
# Aklivity licenses this file to you under the Apache License,
# version 2.0 (the "License"); you may not use this file except in compliance
# with the License. You may obtain a copy of the License at:
#
#   http://www.apache.org/licenses/LICENSE-2.0
#
# Unless required by applicable law or agreed to in writing, software
# distributed under the License is distributed on an "AS IS" BASIS, WITHOUT
# WARRANTIES OR CONDITIONS OF ANY KIND, either express or implied. See the
# License for the specific language governing permissions and limitations
# under the License.
#

connect "zilla://streams/net0"
   option zilla:window 8192
   option zilla:transmission "duplex"
  option zilla:byteorder "network"

connected

write [0x10 0x14]                    # CONNECT
      [0x00 0x04] "MQTT"             # protocol name
      [0x05]                         # protocol version
      [0x02]                         # flags = clean start
      [0x00 0x3c]                    # keep alive = 60s
      [0x00]                         # properties = none
      [0x00 0x07] "client2"          # client id

read  [0x20 0x03]                    # CONNACK
      [0x00]                         # flags = none
      [0x00]                         # reason code
      [0x00]                         # properties = none

write [0x31 0x26]                    # PUBLISH flags = at-most-once, retain
      [0x00 0x0a] "sensor/one"       # topic name
      [0x12]                         # properties
      [0x02] 0x0f                    # expiry = 15 seconds
      [0x03 0x00 0x0a] "text/plain"  # content type
      "message"                      # payload

write notify PUBLISHED

connect await PUBLISHED
    "zilla://streams/net0"
   option zilla:window 8192
   option zilla:transmission "duplex"
  option zilla:byteorder "network"

connected

write [0x10 0x14]                    # CONNECT
      [0x00 0x04] "MQTT"             # protocol name
      [0x05]                         # protocol version
      [0x02]                         # flags = clean start
      [0x00 0x3c]                    # keep alive = 60s
      [0x00]                         # properties = none
      [0x00 0x07] "client1"          # client id

read  [0x20 0x03]                    # CONNACK
      [0x00]                         # flags = none
      [0x00]                         # reason code
      [0x00]                         # properties = none

write [0x82 0x12]                    # SUBSCRIBE
      [0x00 0x01]                    # packet id = 1
      [0x02]                         # properties
      [0x0b 0x01]                    # subscription id = 1
      [0x00 0x0a] "sensor/one"       # topic filter
      [0x20]                         # options = at-most-once, do not send retained

read  [0x90 0x04]                    # SUBACK
      [0x00 0x01]                    # packet id = 1
      [0x00]                         # properties = none
      [0x00]                         # reason code
