#
# Copyright 2021-2026 Aklivity Inc
#
# Licensed under the Aklivity Community License (the "License"); you may not use
# this file except in compliance with the License.  You may obtain a copy of the
# License at
#
#   https://www.aklivity.io/aklivity-community-license/
#
# Unless required by applicable law or agreed to in writing, software
# distributed under the License is distributed on an "AS IS" BASIS, WITHOUT
# WARRANTIES OF ANY KIND, either express or implied.  See the License for the
# specific language governing permissions and limitations under the License.
#

connect "zilla://streams/net0"
        option zilla:window 8192
        option zilla:transmission "half-duplex"

write zilla:begin.ext ${http:beginEx()
                            .typeId(zilla:id("http"))
                            .header(":method", "POST")
                            .header(":scheme", "http")
                            .header(":authority", "example.com:8080")
                            .header(":path", "/v1/chat/completions")
                            .header("content-type", "application/json")
                            .build()}

connected

write "{\"tools"
write flush
write "\":[{\"ty"
write flush
write "pe\":\"fu"
write flush
write "nction\""
write flush
write ",\"funct"
write flush
write "ion\":{\""
write flush
write "name\":\""
write flush
write "get_wea"
write flush
write "ther\",\""
write flush
write "paramet"
write flush
write "ers\":{\""
write flush
write "type\":\""
write flush
write "object\""
write flush
write ",\"prope"
write flush
write "rties\":"
write flush
write "{\"city\""
write flush
write ":{\"type"
write flush
write "\":\"stri"
write flush
write "ng\"}}}}"
write flush
write "}],\"mes"
write flush
write "sages\":"
write flush
write "[{\"cont"
write flush
write "ent\":\"s"
write flush
write "unny\",\""
write flush
write "tool_ca"
write flush
write "ll_id\":"
write flush
write "\"call_1"
write flush
write "\",\"role"
write flush
write "\":\"tool"
write flush
write "\"},{\"co"
write flush
write "ntent\":"
write flush
write "\"Hello\""
write flush
write ",\"role\""
write flush
write ":\"user\""
write flush
write "}],\"mod"
write flush
write "el\":\"gp"
write flush
write "t-4\"}"
write flush
write close

read zilla:begin.ext ${http:matchBeginEx()
                           .typeId(zilla:id("http"))
                           .header(":status", "429")
                           .header("content-type", "application/json")
                           .build()}

read "{\"error\":{\"message\":\"Rate limit reached for gpt-4\",\"type\":\"requests\",\"param\":null,\"code\":\"rate_limit_exceeded\"}}"

read closed
