#
# Copyright 2021-2023 Aklivity Inc.
#
# Aklivity licenses this file to you under the Apache License,
# version 2.0 (the "License"); you may not use this file except in compliance
# with the License. You may obtain a copy of the License at:
#
#   http://www.apache.org/licenses/LICENSE-2.0
#
# Unless required by applicable law or agreed to in writing, software
# distributed under the License is distributed on an "AS IS" BASIS, WITHOUT
# WARRANTIES OR CONDITIONS OF ANY KIND, either express or implied. See the
# License for the specific language governing permissions and limitations
# under the License.
#

property deltaMillis 0L
property newTimestamp ${kafka:timestamp() + deltaMillis}

accept "zilla://streams/net0"
  option zilla:window 8192
  option zilla:transmission "duplex"
  option zilla:byteorder "network"

accepted

connected

read 238                                # size
     32s                                # describe configs
     0s                                 # v0
     (int:requestId)
     5s "zilla"                         # client id
     1                                  # resources
       [0x02]                           # topic resource
       4s "test"                        # "test" topic
       11                               # configs
         14s "cleanup.policy"             # name
         17s "max.message.bytes"
         13s "segment.bytes"
         19s "segment.index.bytes"
         10s "segment.ms"
         15s "retention.bytes"
         12s "retention.ms"
         19s "delete.retention.ms"
         21s "min.compaction.lag.ms"
         21s "max.compaction.lag.ms"
         25s "min.cleanable.dirty.ratio"

write 365                               # size
      ${requestId}
      0
      1                                 # resources
        0s                                # no error
        -1s                               # error message
        [0x02]                            # topic resource
        4s "test"                         # "test" topic
        11                                # configs
          14s "cleanup.policy"              # name
          6s "delete"                       # value
          [0x00]                            # not read only
          [0x00]                            # not default
          [0x00]                            # not sensitive
          17s "max.message.bytes"
          7s "1000012"
          [0x00]
          [0x00]
          [0x00]
          13s "segment.bytes"
          10s "1073741824"
          [0x00]
          [0x00]
          [0x00]
          19s "segment.index.bytes"
          8s "10485760"
          [0x00]
          [0x00]
          [0x00]
          10s "segment.ms"
          9s "604800000"
          [0x00]
          [0x00]
          [0x00]
          15s "retention.bytes"
          2s "-1"
          [0x00]
          [0x00]
          [0x00]
          12s "retention.ms"
          9s "604800000"
          [0x00]
          [0x00]
          [0x00]
          19s "delete.retention.ms"
          8s "86400000"
          [0x00]
          [0x00]
          [0x00]
          21s "min.compaction.lag.ms"
          1s "0"
          [0x00]
          [0x00]
          [0x00]
          21s "max.compaction.lag.ms"
          19s "9223372036854775807"
          [0x00]
          [0x00]
          [0x00]
          25s "min.cleanable.dirty.ratio"
          3s "0.5"
          [0x00]
          [0x00]
          [0x00]

accepted

connected

read 26                                 # size
     3s                                 # metadata
     5s                                 # v5
     (int:requestId)
     5s "zilla"                         # client id
     1                                  # topics
       4s "test"                        #   "test" topic
     [0x00]                             # allow_auto_topic_creation

write 203                               # size
      ${requestId}
      0
      3                                 # brokers
        1                                   # broker id
        19s "broker1.example.com"           # host name
        9092                                # port
        -1s                                 # no rack
        2
        19s "broker2.example.com"
        9092
        -1s
        3
        19s "broker3.example.com"
        9092
        -1s
      9s "cluster 1"                    # cluster id
      1                                 # controller id
      1                                 # topics
        0s                                # no error
        4s "test"                         #   "test" topic
        [0x00]                            # not internal
        3                                 # partitions
          0s                                # no error
          0                                 # partition
          1                                 # leader
          0                                 # no replicas
          -1                                # no in-sync replicas
          0                                 # offline replicas
          0s
          1
          2
          0
          -1
          0
          0s
          2
          3
          0
          -1
          0

accepted

read zilla:begin.ext ${proxy:matchBeginEx()
                              .typeId(zilla:id("proxy"))
                              .addressInet()
                                .protocol("stream")
                                .source("0.0.0.0")
                                .destination("broker1.example.com")
                                .sourcePort(0)
                                .destinationPort(9092)
                                .build()
                              .info()
                                .authority("broker1.example.com")
                                .build()
                              .build()}

connected

read 133
     0s
     3s
     (int:requestId)
     5s "zilla"                         # client id
     -1s
     1s                                 # acks (leader only)
     [0..4]
     1
     4s "test"
     1
     0                                  # partition
     88                                 # record set size
     0L                                 # first offset
     76                                 # length
     -1
     [0x02]
     [0..4]
     0s
     0                                  # last offset delta
     (long:timestamp)                   # first timestamp
     ${timestamp}                       # last timestamp
     -1L
     -1s
     -1
     1                                  # records
     ${kafka:varint(26)}
     [0x00]
     ${kafka:varint(0)}
     ${kafka:varint(0)}
     ${kafka:varint(4)}                 # key
     "key7"
     ${kafka:varint(16)}                # value
     "Hello, world #A1"
     ${kafka:varint(0)}                 # headers

write 44
      ${requestId}
      1                                 # topics
      4s "test"
      1                                 # partitions
      0                                 # partition 0
      0s                                # no error
      20L                               # base offset
      0L                                # log append time
      0                                 # throttle

read 133
     0s
     3s
     (int:requestId2)
     5s "zilla"                         # client id
     -1s
     1s                                 # acks (leader only)
     [0..4]
     1
     4s "test"
     1
     0                                  # partition
     88                                 # record set size
     0L                                 # first offset
     76                                 # length
     -1
     [0x02]
     [0..4]
     0s
     0                                  # last offset delta
     (long:timestamp2)                  # first timestamp
     ${timestamp2}                      # last timestamp
     -1L
     -1s
     -1
     1                                  # records
     ${kafka:varint(26)}
     [0x00]
     ${kafka:varint(0)}
     ${kafka:varint(0)}
     ${kafka:varint(4)}                 # key
     "key7"
     ${kafka:varint(16)}                # value
     "Hello, world #A2"
     ${kafka:varint(0)}                 # headers

write 44
      ${requestId2}
      1                                 # topics
      4s "test"
      1                                 # partitions
      0                                 # partition 0
      0s                                # no error
      20L                               # base offset
      0L                                # log append time
      0                                 # throttle

accepted

read zilla:begin.ext ${proxy:matchBeginEx()
                              .typeId(zilla:id("proxy"))
                              .addressInet()
                                .protocol("stream")
                                .source("0.0.0.0")
                                .destination("broker2.example.com")
                                .sourcePort(0)
                                .destinationPort(9092)
                                .build()
                              .info()
                                .authority("broker2.example.com")
                                .build()
                              .build()}

connected

read 133
     0s
     3s
     (int:requestId)
     5s "zilla"                         # client id
     -1s
     1s                                 # acks (leader only)
     [0..4]
     1
     4s "test"
     1
     1                                  # partition
     88                                 # record set size
     0L                                 # first offset
     76                                 # length
     -1
     [0x02]
     [0..4]
     0s
     0                                  # last offset delta
     (long:timestamp)                   # first timestamp
     ${timestamp}                       # last timestamp
     -1L
     -1s
     -1
     1                                  # records
     ${kafka:varint(26)}
     [0x00]
     ${kafka:varint(0)}
     ${kafka:varint(0)}
     ${kafka:varint(4)}                 # key
     "key8"
     ${kafka:varint(16)}                # value
     "Hello, world #B1"
     ${kafka:varint(0)}                 # headers

write 44
      ${requestId}
      1                                 # topics
      4s "test"
      1                                 # partitions
      1                                 # partition
      0s                                # no error
      20L                               # base offset
      0L                                # log append time
      0                                 # throttle

read 133
     0s
     3s
     (int:requestId2)
     5s "zilla"                         # client id
     -1s
     1s                                 # acks (leader only)
     [0..4]
     1
     4s "test"
     1
     1                                  # partition
     88                                 # record set size
     0L                                 # first offset
     76                                 # length
     -1
     [0x02]
     [0..4]
     0s
     0                                  # last offset delta
     (long:timestamp2)                  # first timestamp
     ${timestamp2}                      # last timestamp
     -1L
     -1s
     -1
     1                                  # records
     ${kafka:varint(26)}
     [0x00]
     ${kafka:varint(0)}
     ${kafka:varint(0)}
     ${kafka:varint(4)}                 # key
     "key8"
     ${kafka:varint(16)}                # value
     "Hello, world #B2"
     ${kafka:varint(0)}                 # headers

write 44
      ${requestId2}
      1                                 # topics
      4s "test"
      1                                 # partitions
      1                                 # partition
      0s                                # no error
      20L                               # base offset
      0L                                # log append time
      0                                 # throttle

accepted

read zilla:begin.ext ${proxy:matchBeginEx()
                              .typeId(zilla:id("proxy"))
                              .addressInet()
                                .protocol("stream")
                                .source("0.0.0.0")
                                .destination("broker3.example.com")
                                .sourcePort(0)
                                .destinationPort(9092)
                                .build()
                              .info()
                                .authority("broker3.example.com")
                                .build()
                              .build()}

connected

read 133
     0s
     3s
     (int:requestId)
     5s "zilla"                         # client id
     -1s
     1s                                 # acks (leader only)
     [0..4]
     1
     4s "test"
     1
     2                                  # partition
     88                                 # record set size
     0L                                 # first offset
     76                                 # length
     -1
     [0x02]
     [0..4]
     0s
     0                                  # last offset delta
     (long:timestamp)                   # first timestamp
     ${timestamp}                       # last timestamp
     -1L
     -1s
     -1
     1                                  # records
     ${kafka:varint(26)}
     [0x00]
     ${kafka:varint(0)}
     ${kafka:varint(0)}
     ${kafka:varint(4)}                 # key
     "key9"
     ${kafka:varint(16)}                # value
     "Hello, world #C1"
     ${kafka:varint(0)}                 # headers

write 44
      ${requestId}
      1                                 # topics
      4s "test"
      1                                 # partitions
      2                                 # partition
      0s                                # no error
      20L                               # base offset
      0L                                # log append time
      0                                 # throttle

read 133
     0s
     3s
     (int:requestId2)
     5s "zilla"                         # client id
     -1s
     1s                                 # acks (leader only)
     [0..4]
     1
     4s "test"
     1
     2                                  # partition
     88                                 # record set size
     0L                                 # first offset
     76                                 # length
     -1
     [0x02]
     [0..4]
     0s
     0                                  # last offset delta
     (long:timestamp2)                  # first timestamp
     ${timestamp2}                      # last timestamp
     -1L
     -1s
     -1
     1                                  # records
     ${kafka:varint(26)}
     [0x00]
     ${kafka:varint(0)}
     ${kafka:varint(0)}
     ${kafka:varint(4)}                 # key
     "key9"
     ${kafka:varint(16)}                # value
     "Hello, world #C2"
     ${kafka:varint(0)}                 # headers

write 44
      ${requestId2}
      1                                 # topics
      4s "test"
      1                                 # partitions
      2                                 # partition
      0s                                # no error
      20L                               # base offset
      0L                                # log append time
      0                                 # throttle

