#
# Copyright 2021-2024 Aklivity Inc
#
# Licensed under the Aklivity Community License (the "License"); you may not use
# this file except in compliance with the License.  You may obtain a copy of the
# License at
#
#   https://www.aklivity.io/aklivity-community-license/
#
# Unless required by applicable law or agreed to in writing, software
# distributed under the License is distributed on an "AS IS" BASIS, WITHOUT
# WARRANTIES OF ANY KIND, either express or implied.  See the License for the
# specific language governing permissions and limitations under the License.
#

property authorization 0L

connect "zilla://streams/app0"
        option zilla:window 8192
        option zilla:transmission "half-duplex"
        option zilla:authorization ${authorization}

write zilla:begin.ext ${mcp:beginEx()
                           .typeId(zilla:id("mcp"))
                           .lifecycle()
                               .build()
                           .build()}

connected

read zilla:begin.ext ${mcp:matchBeginEx()
                          .typeId(zilla:id("mcp"))
                          .lifecycle()
                              .sessionId("session-1")
                              .build()
                          .build()}

read notify LIFECYCLE_INITIALIZED

connect await LIFECYCLE_INITIALIZED
        "zilla://streams/app0"
        option zilla:window 8192
        option zilla:transmission "half-duplex"
        option zilla:authorization ${authorization}

write zilla:begin.ext ${mcp:beginEx()
                           .typeId(zilla:id("mcp"))
                           .toolsList()
                               .sessionId("session-1")
                               .build()
                           .build()}

connected

read  '{"tools":'
        '['
          '{'
            '"name": "get_weather",'
            '"description": "Get current weather information for a location",'
            '"inputSchema": {'
              '"type": "object",'
              '"properties": {'
                '"location": {'
                  '"type": "string"'
                '}'
              '},'
              '"required": ["location"]'
            '}'
          '}'
        ']'
      '}'
read closed
read notify TOOLS_LISTED_V1

write close

connect await TOOLS_LISTED_V1
        "zilla://streams/app0"
        option zilla:window 8192
        option zilla:transmission "half-duplex"
        option zilla:authorization ${authorization}

write zilla:begin.ext ${mcp:beginEx()
                           .typeId(zilla:id("mcp"))
                           .toolsList()
                               .sessionId("session-1")
                               .build()
                           .build()}

connected

read  '{"tools":[]}'
read closed
read notify TOOLS_LISTED_V2

write close

connect await TOOLS_LISTED_V2
        "zilla://streams/app0"
        option zilla:window 8192
        option zilla:transmission "half-duplex"
        option zilla:authorization ${authorization}

write zilla:begin.ext ${mcp:beginEx()
                           .typeId(zilla:id("mcp"))
                           .toolsCall()
                               .sessionId("session-1")
                               .name("get_weather")
                               .contentLength(52)
                               .build()
                           .build()}

connected

write '{'
        '"name":"get_weather",'
        '"arguments":'
        '{'
          '"location": 123'
        '}'
      '}'

read  '{'
        '"content":'
        '['
          '{'
            '"type": "text",'
            '"text": "ok"'
          '}'
        '],'
        '"isError": false'
      '}'
read closed

write close
