#
# Copyright 2021-2022 Aklivity Inc
#
# Licensed under the Aklivity Community License (the "License"); you may not use
# this file except in compliance with the License.  You may obtain a copy of the
# License at
#
#   https://www.aklivity.io/aklivity-community-license/
#
# Unless required by applicable law or agreed to in writing, software
# distributed under the License is distributed on an "AS IS" BASIS, WITHOUT
# WARRANTIES OF ANY KIND, either express or implied.  See the License for the
# specific language governing permissions and limitations under the License.
#

accept "zilla://streams/app0"
       option zilla:window 8192
       option zilla:transmission "half-duplex"
accepted

read zilla:begin.ext ${filesystem:matchBeginEx()
                                 .typeId(zilla:id("filesystem"))
                                 .capabilities("READ_PAYLOAD")
                                 .path("index.html")
                                 .tag("INIT")
                                 .timeout(60000)
                                 .build()}
connected

read closed

write notify FILE_MODIFIED
write zilla:begin.ext ${filesystem:beginEx()
                                  .typeId(zilla:id("filesystem"))
                                  .capabilities("READ_PAYLOAD")
                                  .path("index.html")
                                  .type("text/html")
                                  .payloadSize(77)
                                  .tag("f2c912a30f38a124c3249f8e802e0d90")
                                  .build()}
write flush

write "<html>\n"
      "<head><title>Welcome</title></head>\n"
      "<body>Hello, world</body>\n"
      "</html>\n"
write flush

write close
