#
# Copyright 2021-2023 Aklivity Inc.
#
# Aklivity licenses this file to you under the Apache License,
# version 2.0 (the "License"); you may not use this file except in compliance
# with the License. You may obtain a copy of the License at:
#
#   http://www.apache.org/licenses/LICENSE-2.0
#
# Unless required by applicable law or agreed to in writing, software
# distributed under the License is distributed on an "AS IS" BASIS, WITHOUT
# WARRANTIES OR CONDITIONS OF ANY KIND, either express or implied. See the
# License for the specific language governing permissions and limitations
# under the License.
#

property deltaMillis 0L
property newTimestamp ${kafka:timestamp() + deltaMillis}

connect "zilla://streams/app0"
    option zilla:window 8192
    option zilla:transmission "half-duplex"

write zilla:begin.ext ${kafka:beginEx()
                               .typeId(zilla:id("kafka"))
                               .meta()
                                   .topic("test")
                                   .build()
                               .build()}

connected

read zilla:begin.ext ${kafka:beginEx()
                              .typeId(zilla:id("kafka"))
                              .meta()
                                  .topic("test")
                                  .build()
                              .build()}

read zilla:data.ext ${kafka:dataEx()
                             .typeId(zilla:id("kafka"))
                             .meta()
                                 .partition(0, 177)
                                 .build()
                             .build()}

read notify ROUTED_BROKER_CLIENT

connect await ROUTED_BROKER_CLIENT
        "zilla://streams/app0"
    option zilla:window 8192
    option zilla:transmission "half-duplex"
    option zilla:affinity 0xb1

write zilla:begin.ext ${kafka:beginEx()
                               .typeId(zilla:id("kafka"))
                               .produce()
                                   .topic("test")
                                   .partition(0)
                                   .build()
                               .build()}

connected

read zilla:begin.ext ${kafka:beginEx()
                              .typeId(zilla:id("kafka"))
                              .produce()
                                  .topic("test")
                                  .partition(0)
                                  .build()
                              .build()}

write option zilla:flags 0x02
write zilla:data.ext ${kafka:dataEx()
                              .typeId(zilla:id("kafka"))
                              .produce()
                                  .deferred(12)
                                  .timestamp(newTimestamp)
                                  .build()
                              .build()}
write zilla:data.empty

write notify SENT_MESSAGE_ONE_INIT
write await SENT_MESSAGE_TWO_INIT

write option zilla:flags 0x00
write "Hello, world"
write flush

write notify SENT_MESSAGE_ONE_CONT
write await SENT_MESSAGE_TWO_CONT

write option zilla:flags 0x01
write zilla:data.ext ${kafka:dataEx()
                              .typeId(zilla:id("kafka"))
                              .produce()
                                  .header("header1", "value1")
                                  .build()
                              .build()}
write zilla:data.empty
write flush

write notify SENT_MESSAGE_ONE_FIN

connect await ROUTED_BROKER_CLIENT
        "zilla://streams/app0"
    option zilla:window 8192
    option zilla:transmission "half-duplex"
    option zilla:affinity 0xb1

write zilla:begin.ext ${kafka:beginEx()
                               .typeId(zilla:id("kafka"))
                               .produce()
                                   .topic("test")
                                   .partition(0)
                                   .build()
                               .build()}

connected

read zilla:begin.ext ${kafka:beginEx()
                              .typeId(zilla:id("kafka"))
                              .produce()
                                  .topic("test")
                                  .partition(0)
                                  .build()
                              .build()}

write await SENT_MESSAGE_ONE_INIT

write option zilla:flags 0x02
write zilla:data.ext ${kafka:dataEx()
                              .typeId(zilla:id("kafka"))
                              .produce()
                                  .deferred(12)
                                  .timestamp(newTimestamp)
                                  .build()
                              .build()}
write zilla:data.empty

write notify SENT_MESSAGE_TWO_INIT
write await SENT_MESSAGE_ONE_CONT

write option zilla:flags 0x00
write "Hello, world"
write flush

write notify SENT_MESSAGE_TWO_CONT
write await SENT_MESSAGE_ONE_FIN

write option zilla:flags 0x01
write zilla:data.ext ${kafka:dataEx()
                              .typeId(zilla:id("kafka"))
                              .produce()
                                  .header("header1", "value1")
                                  .build()
                              .build()}
write zilla:data.empty
write flush

write notify SENT_MESSAGE_TWO_FIN
