#
# Copyright 2021-2026 Aklivity Inc
#
# Licensed under the Aklivity Community License (the "License"); you may not use
# this file except in compliance with the License.  You may obtain a copy of the
# License at
#
#   https://www.aklivity.io/aklivity-community-license/
#
# Unless required by applicable law or agreed to in writing, software
# distributed under the License is distributed on an "AS IS" BASIS, WITHOUT
# WARRANTIES OF ANY KIND, either express or implied.  See the License for the
# specific language governing permissions and limitations under the License.
#

property authorization 0L

connect "zilla://streams/mcp0"
        option zilla:window 16384
        option zilla:transmission "half-duplex"
        option zilla:authorization ${authorization}

write zilla:begin.ext ${mcp:beginEx()
                           .typeId(zilla:id("mcp"))
                           .lifecycle()
                               .build()
                           .build()}

connected

read zilla:begin.ext ${mcp:matchBeginEx()
                          .typeId(zilla:id("mcp"))
                          .lifecycle()
                              .sessionId("session-1")
                              .build()
                          .build()}

read notify LIFECYCLE_INITIALIZED

connect await LIFECYCLE_INITIALIZED
        "zilla://streams/mcp0"
        option zilla:window 3000
        option zilla:transmission "half-duplex"
        option zilla:authorization ${authorization}

write zilla:begin.ext ${mcp:beginEx()
                           .typeId(zilla:id("mcp"))
                           .toolsList()
                               .sessionId("session-1")
                               .build()
                           .build()}

connected

read  '{"tools":[{"name":"produce","inputSchema":{"type":"object","properties":'
        '{"topic":{"type":"string"},"value":{"type":"string"},"key":{"type":"string"},'
        '"partition":{"type":"integer"}},"required":["topic","value"]}},'
        '{"name":"consume","inputSchema":{"type":"object","properties":'
        '{"topic":{"type":"string"},"partition":{"type":"integer"},"offset":{"type":"integer"},'
        '"limit":{"type":"integer"}},"required":["topic"]},'
        '"annotations":{"readOnlyHint":true,"destructiveHint":false,"idempotentHint":true}},'
        '{"name":"create_topics","inputSchema":{"type":"object","properties":'
        '{"topics":{"type":"array","items":{"type":"object","properties":'
        '{"name":{"type":"string"},"partitions":{"type":"integer"},"replicas":{"type":"integer"},'
        '"assignments":{"type":"array"},"configs":{"type":"object"}},"required":'
        '["name","partitions","replicas"]}},"timeout":{"type":"integer"},'
        '"validate_only":{"type":"boolean"}},"required":["topics"]},'
        '"outputSchema":{"type":"object","properties":{"topics":{"type":"array",'
        '"items":{"type":"object","properties":{"name":{"type":"string"},'
        '"error":{"type":"integer"},"error_message":{"type":"string"}},'
        '"required":["name","error"]}}},"required":["topics"]},'
        '"annotations":{"destructiveHint":false}},'
        '{"name":"delete_topics","inputSchema":{"type":"object","properties":'
        '{"topics":{"type":"array","items":{"type":"string"}},"timeout":{"type":"integer"}},'
        '"required":["topics"]},"outputSchema":{"type":"object","properties":'
        '{"topics":{"type":"array","items":{"type":"object","properties":'
        '{"name":{"type":"string"},"error":{"type":"integer"},"error_message":{"type":"string"}},'
        '"required":["name","error"]}}},"required":["topics"]},'
        '"annotations":{"destructiveHint":true,"idempotentHint":true}},'
        '{"name":"describe_configs","inputSchema":{"type":"object","properties":'
        '{"resource_type":{"type":"string","enum":["topic","broker"]},'
        '"resource_name":{"type":"string"}},"required":["resource_type","resource_name"]},'
        '"outputSchema":{"type":"object","properties":{"configs":{"type":"array","items":'
        '{"type":"object","properties":{"name":{"type":"string"},"value":{"type":"string"},'
        '"is_default":{"type":"boolean"},"is_sensitive":{"type":"boolean"}},"required":'
        '["name","is_default","is_sensitive"]}}},"required":["configs"]},'
        '"annotations":{"readOnlyHint":true,"destructiveHint":false,"idempotentHint":true}},'
        '{"name":"alter_configs","inputSchema":{"type":"object","properties":'
        '{"resource_type":{"type":"string","enum":["topic","broker"]},'
        '"resource_name":{"type":"string"},"configs":{"type":"object",'
        '"additionalProperties":{"type":"string"}}},"required":'
        '["resource_type","resource_name","configs"]},"outputSchema":{"type":"object",'
        '"properties":{"resource_type":{"type":"string","enum":["topic","broker"]},'
        '"resource_name":{"type":"string"},'
        '"updated":{"type":"boolean"}},"required":["resource_type","resource_name","updated"]},'
        '"annotations":{"readOnlyHint":false,"destructiveHint":true}},'
        '{"name":"list_acls","inputSchema":{"type":"object","properties":{"resour'
        'ce_type":{"type":"string","enum":["topic","group","cluster","transaction'
        'al_id","delegation_token","user","any"]},"resource_name":{"type":"string'
        '"},"pattern_type":{"type":"string","enum":["literal","prefixed","match",'
        '"any"]},"principal":{"type":"string"},"host":{"type":"string"},"operatio'
        'n":{"type":"string","enum":["any","all","read","write","create","delete"'
        ',"alter","describe","cluster_action","describe_configs","alter_configs",'
        '"idempotent_write","create_tokens","describe_tokens","two_phase_commit"]'
        '},"permission_type":{"type":"string","enum":["allow","deny","any"]}}},"o'
        'utputSchema":{"type":"object","properties":{"acls":{"type":"array","item'
        's":{"type":"object","properties":{"resource_type":{"type":"string"},"res'
        'ource_name":{"type":"string"},"pattern_type":{"type":"string"},"principa'
        'l":{"type":"string"},"host":{"type":"string"},"operation":{"type":"strin'
        'g"},"permission_type":{"type":"string"}},"required":["resource_type","re'
        'source_name","pattern_type","principal","host","operation","permission_t'
        'ype"]}}},"required":["acls"]},"annotations":{"readOnlyHint":true,"destru'
        'ctiveHint":false,"idempotentHint":true}},{"name":"create_acls","inputSch'
        'ema":{"type":"object","properties":{"acls":{"type":"array","items":{"typ'
        'e":"object","properties":{"resource_type":{"type":"string","enum":["topi'
        'c","group","cluster","transactional_id","delegation_token","user","any"]'
        '},"resource_name":{"type":"string"},"pattern_type":{"type":"string","enu'
        'm":["literal","prefixed"]},"principal":{"type":"string"},"host":{"type":'
        '"string"},"operation":{"type":"string","enum":["any","all","read","write'
        '","create","delete","alter","describe","cluster_action","describe_config'
        's","alter_configs","idempotent_write","create_tokens","describe_tokens",'
        '"two_phase_commit"]},"permission_type":{"type":"string","enum":["allow",'
        '"deny"]}},"required":["resource_type","resource_name","principal","opera'
        'tion","permission_type"]}}},"required":["acls"]},"outputSchema":{"type":'
        '"object","properties":{"acls":{"type":"array","items":{"type":"object","'
        'properties":{"resource_type":{"type":"string"},"resource_name":{"type":"'
        'string"},"pattern_type":{"type":"string"},"principal":{"type":"string"},'
        '"host":{"type":"string"},"operation":{"type":"string"},"permission_type"'
        ':{"type":"string"},"error":{"type":"integer"},"error_message":{"type":"s'
        'tring"}},"required":["resource_type","resource_name","principal","operat'
        'ion","permission_type","error"]}}},"required":["acls"]}},{"name":"delete'
        '_acls","inputSchema":{"type":"object","properties":{"acls":{"type":"arra'
        'y","items":{"type":"object","properties":{"resource_type":{"type":"strin'
        'g","enum":["topic","group","cluster","transactional_id","delegation_toke'
        'n","user","any"]},"resource_name":{"type":"string"},"pattern_type":{"typ'
        'e":"string","enum":["literal","prefixed","match","any"]},"principal":{"t'
        'ype":"string"},"host":{"type":"string"},"operation":{"type":"string","en'
        'um":["any","all","read","write","create","delete","alter","describe","cl'
        'uster_action","describe_configs","alter_configs","idempotent_write","cre'
        'ate_tokens","describe_tokens","two_phase_commit"]},"permission_type":{"t'
        'ype":"string","enum":["allow","deny","any"]}}}}},"required":["acls"]},"o'
        'utputSchema":{"type":"object","properties":{"deleted":{"type":"array","i'
        'tems":{"type":"object","properties":{"resource_type":{"type":"string"},"'
        'resource_name":{"type":"string"},"pattern_type":{"type":"string"},"princ'
        'ipal":{"type":"string"},"host":{"type":"string"},"operation":{"type":"st'
        'ring"},"permission_type":{"type":"string"},"error":{"type":"integer"},"e'
        'rror_message":{"type":"string"}},"required":["resource_type","resource_n'
        'ame","principal","operation","permission_type","error"]}}},"required":["'
        'deleted"]}},'
        '{"name":"list_topics","inputSchema":{"type":"object","properties":{},"additionalProperties":false},'
        '"outputSchema":{"type":"object","properties":'
        '{"topics":{"type":"array","items":{"type":"object","properties":'
        '{"name":{"type":"string"},"partition_count":{"type":"integer"},'
        '"replication_factor":{"type":"integer"}},"required":'
        '["name","partition_count","replication_factor"]}}},"required":["topics"]},'
        '"annotations":{"readOnlyHint":true,"destructiveHint":false,"idempotentHint":true}},'
        '{"name":"describe_topic","inputSchema":{"type":"object","properties":'
        '{"topic":{"type":"string"}},"required":["topic"]},'
        '"outputSchema":{"type":"object","properties":{"name":{"type":"string"},'
        '"partitions":{"type":"array","items":{"type":"object","properties":'
        '{"partition_id":{"type":"integer"},"leader":{"type":"integer"},'
        '"replicas":{"type":"array","items":{"type":"integer"}},'
        '"isr":{"type":"array","items":{"type":"integer"}}},"required":'
        '["partition_id","leader","replicas","isr"]}}},"required":["name","partitions"]},'
        '"annotations":{"readOnlyHint":true,"destructiveHint":false,"idempotentHint":true}},'
        '{"name":"cluster_overview","inputSchema":{"type":"object","properties":{},"additionalProperties":false},'
        '"outputSchema":{"type":"object","properties":'
        '{"broker_count":{"type":"integer"},"controller_id":{"type":"integer"},'
        '"under_replicated_partitions":{"type":"integer"},"offline_partitions":{"type":"integer"},'
        '"topic_count":{"type":"integer"}},"required":'
        '["broker_count","controller_id","under_replicated_partitions","offline_partitions","topic_count"]},'
        '"annotations":{"readOnlyHint":true,"destructiveHint":false,"idempotentHint":true}},'
        '{"name":"list_brokers","inputSchema":{"type":"object","properties":{}},'
        '"outputSchema":{"type":"object","properties":{"brokers":{"type":"array",'
        '"items":{"type":"object","properties":{"broker_id":{"type":"integer"},'
        '"host":{"type":"string"},"port":{"type":"integer"},"rack":{"type":"string"}},'
        '"required":["broker_id","host","port"]}}},"required":["brokers"]},'
        '"annotations":{"readOnlyHint":true,"destructiveHint":false,"idempotentHint":true}},'
        '{"name":"describe_cluster","inputSchema":{"type":"object","properties":{}},'
        '"outputSchema":{"type":"object","properties":{"cluster_id":{"type":"string"},'
        '"controller_id":{"type":"integer"},"authorized_operations":{"type":"integer"}},'
        '"required":["controller_id","authorized_operations"]},"annotations":{"readOnlyHint":true,'
        '"destructiveHint":false,"idempotentHint":true}},'
        '{"name":"list_consumer_groups","inputSchema":{"type":"object","properties":{}},'
        '"outputSchema":{"type":"object","properties":{"groups":{"type":"array","items":'
        '{"type":"object","properties":{"group_id":{"type":"string"},"state":{"type":"string"}},'
        '"required":["group_id","state"]}}},"required":["groups"]},'
        '"annotations":{"readOnlyHint":true,"destructiveHint":false,"idempotentHint":true}},'
        '{"name":"describe_consumer_group","inputSchema":{"type":"object","properties":'
        '{"group_id":{"type":"string"}},"required":["group_id"]},'
        '"outputSchema":{"type":"object","properties":{"group_id":{"type":"string"},'
        '"state":{"type":"string"},"members":{"type":"array","items":{"type":"object","properties":'
        '{"member_id":{"type":"string"},"client_id":{"type":"string"},"assignments":'
        '{"type":"array","items":{"type":"object","properties":{"topic":{"type":"string"},'
        '"partition":{"type":"integer"}},"required":["topic","partition"]}}},'
        '"required":["member_id","client_id"]}}},"required":["group_id","state","members"]},'
        '"annotations":{"readOnlyHint":true,"destructiveHint":false,"idempotentHint":true}},'
        '{"name":"describe_consumer_group_lag","inputSchema":{"type":"object","properties":'
        '{"group_id":{"type":"string"}},"required":["group_id"]},'
        '"outputSchema":{"type":"object","properties":{"group_id":{"type":"string"},'
        '"partitions":{"type":"array","items":{"type":"object","properties":'
        '{"topic":{"type":"string"},"partition":{"type":"integer"},'
        '"committed_offset":{"type":"integer"},"end_offset":{"type":"integer"},'
        '"lag":{"type":"integer"}},"required":'
        '["topic","partition","committed_offset","end_offset","lag"]}}},'
        '"required":["group_id","partitions"]},'
        '"annotations":{"readOnlyHint":true,"destructiveHint":false,"idempotentHint":true}},'
        '{"name":"reset_offsets","inputSchema":{"type":"object","properties":'
        '{"group_id":{"type":"string"},"topic":{"type":"string"},"partition":{"type":"integer"},'
        '"offset":{"type":"integer"}},"required":["group_id","topic","partition","offset"]},'
        '"outputSchema":{"type":"object","properties":{"group_id":{"type":"string"},'
        '"topic":{"type":"string"},"partition":{"type":"integer"},"offset":{"type":"integer"},'
        '"reset":{"type":"boolean"}},"required":["group_id","topic","partition","offset","reset"]},'
        '"annotations":{"readOnlyHint":false,"destructiveHint":true,"idempotentHint":true}}]}'
read closed

write close
