#
# Copyright 2021-2026 Aklivity Inc.
#
# Aklivity licenses this file to you under the Apache License,
# version 2.0 (the "License"); you may not use this file except in compliance
# with the License. You may obtain a copy of the License at:
#
#   http://www.apache.org/licenses/LICENSE-2.0
#
# Unless required by applicable law or agreed to in writing, software
# distributed under the License is distributed on an "AS IS" BASIS, WITHOUT
# WARRANTIES OR CONDITIONS OF ANY KIND, either express or implied. See the
# License for the specific language governing permissions and limitations
# under the License.
#

property serverAddress "zilla://streams/app0"

accept ${serverAddress}
    option zilla:window 8192
    option zilla:transmission "half-duplex"
    option zilla:byteorder "network"

accepted

read zilla:begin.ext ${kafka:matchBeginEx()
                               .typeId(zilla:id("kafka"))
                               .apiRequest()
                                 .length(110)
                                 .api(19)
                                 .version(99)
                                 .clientId("zilla")
                                 .build()
                                .build()}

connected

read advise zilla:challenge ${kafka:challengeEx()
                                    .typeId(zilla:id("kafka"))
                                    .apiChallenge()
                                        .versions(0, 7)
                                        .build()
                                    .build()}

read advised zilla:flush ${kafka:matchFlushEx()
                               .typeId(zilla:id("kafka"))
                               .apiFlush()
                                   .version(7)
                                   .build()
                               .build()}

read  [0x00]                            # tagged fields
      [0x03]                            # topic count
        [0x07] "events"                 # name
        1                               # number of partitions
        1s                              # replication factor
        [0x02]                          # assignments
            0                           # partition index
            [0x02]                      # broker ids
                0                       # broker id
            [0x00]                      # tagged fields
        [0x02]                          # configs
            [0x0f] "cleanup.policy"     # name
            [0x07] "delete"             # value
            [0x00]                      # tagged fields
        [0x00]                          # tagged fields
        [0x0a] "snapshots"              # name
        1                               # number of partitions
        1s                              # replication factor
        [0x02]                          # assignments
            0                           # partition index
            [0x02]                      # broker ids
                0                       # broker id
            [0x00]                      # tagged fields
        [0x02]                          # configs
            [0x0f] "cleanup.policy"     # name
            [0x08] "compact"            # value
            [0x00]                      # tagged fields
        [0x00]                          # tagged fields
      0                                 # timeout
      [0x00]                            # validate only
      [0x00]                            # tagged fields

write zilla:begin.ext ${kafka:beginEx()
                               .typeId(zilla:id("kafka"))
                               .apiResponse()
                                 .length(78)
                                 .version(7)
                                 .build()
                                .build()}

write [0x00]                             # tagged fields
      0                                  # throttle time ms
      [0x03]                             # topics
        [0x07] "events"                  # name
        [0x00 0x00 0x00 0x00 0x00 0x00 0x00 0x00 0x00 0x00 0x00 0x00 0x00 0x00 0x00 0x00] # topic id
        0s                               # error code
        [0x00]                           # error message
        1                                # number of partitions
        1s                               # replication factor
        [0x01]                           # configs
        [0x00]                           # tagged fields
        [0x0a] "snapshots"                # name
        [0x00 0x00 0x00 0x00 0x00 0x00 0x00 0x00 0x00 0x00 0x00 0x00 0x00 0x00 0x00 0x00] # topic id
        0s                               # error code
        [0x00]                           # error message
        1                                # number of partitions
        1s                               # replication factor
        [0x01]                           # configs
        [0x00]                           # tagged fields
      [0x00]                             # tagged fields

write flush

read closed
write close
