#
# Copyright 2021-2026 Aklivity Inc.
#
# Aklivity licenses this file to you under the Apache License,
# version 2.0 (the "License"); you may not use this file except in compliance
# with the License. You may obtain a copy of the License at:
#
#   http://www.apache.org/licenses/LICENSE-2.0
#
# Unless required by applicable law or agreed to in writing, software
# distributed under the License is distributed on an "AS IS" BASIS, WITHOUT
# WARRANTIES OR CONDITIONS OF ANY KIND, either express or implied. See the
# License for the specific language governing permissions and limitations
# under the License.
#

accept "zilla://streams/app0"
        option zilla:window 0
        option zilla:transmission "duplex"

accepted

read zilla:begin.ext ${mqtt:matchBeginEx()
                             .typeId(zilla:id("mqtt"))
                             .session()
                                .flags("WILL", "CLEAN_START")
                                .clientId("one")
                                .build()
                             .build()}

write zilla:begin.ext ${mqtt:beginEx()
                              .typeId(zilla:id("mqtt"))
                              .session()
                                .flags("WILL", "CLEAN_START")
                                .subscribeQosMax(2)
                                .publishQosMax(2)
                                .packetSizeMax(33792)
                                .capabilities("RETAIN", "WILDCARD", "SUBSCRIPTION_IDS", "SHARED_SUBSCRIPTIONS")
                                .clientId("one")
                                .build()
                              .build()}

connected

# zero window granted at accept, matching the naturally occurring state of a
# session stream that has not yet received any WINDOW at all - reproduces
# https://github.com/aklivity/zilla/issues/2428 as literally as possible
read option zilla:window 8192
read zilla:data.ext ${mqtt:dataEx()
                             .typeId(zilla:id("mqtt"))
                             .session()
                                .kind("WILL")
                                .build()
                             .build()}

read ${mqtt:will()
               .topic("devices/device-123/status")
               .payloadSize(20)
               .build()}
read "{\"status\":\"offline\"}"

write zilla:data.empty
write flush

read closed
write close
