#
# Copyright 2021-2026 Aklivity Inc.
#
# Aklivity licenses this file to you under the Apache License,
# version 2.0 (the "License"); you may not use this file except in compliance
# with the License. You may obtain a copy of the License at:
#
#   http://www.apache.org/licenses/LICENSE-2.0
#
# Unless required by applicable law or agreed to in writing, software
# distributed under the License is distributed on an "AS IS" BASIS, WITHOUT
# WARRANTIES OR CONDITIONS OF ANY KIND, either express or implied. See the
# License for the specific language governing permissions and limitations
# under the License.
#

connect "zilla://streams/net0"
  option zilla:window 65536
  option zilla:transmission "duplex"
  option zilla:byteorder "network"

connected

write [0x10 0xa3 0x50]                                 # CONNECT
      [0x00 0x04] "MQTT"                               # protocol name
      [0x05]                                           # protocol version
      [0x06]                                           # flags = will flag, clean start
      [0x00 0x0a]                                      # keep alive = 10s
      [0x05]                                           # properties
      [0x27] 33792                                     # maximum packet size = 33792
      [0x00 0x03] "one"                                # client id
      [0x00]                                           # will properties
      [0x00 0x09] "wills/one"                          # will topic
      [0x28 0x00] ${mqtt:randomBytes(8148)}            # will payload, round 1
                  ${mqtt:seededBytes(2092)}            # will payload, round 2 (deferred remainder) -
                                                        # seeded so the reader can exact-match it

# wait for confirmation that the session stream has been established
# (CONNECT has been received and at least started processing) before
# aborting - otherwise the abort can race ahead of the network even
# receiving CONNECT at all. The session stream accept side grants zero
# window, so the will payload still cannot have been forwarded yet
# regardless of exactly when this fires - no drain race is possible
write await SESSION_ESTABLISHED
write abort
