#
# Copyright 2021-2026 Aklivity Inc.
#
# Aklivity licenses this file to you under the Apache License,
# version 2.0 (the "License"); you may not use this file except in compliance
# with the License. You may obtain a copy of the License at:
#
#   http://www.apache.org/licenses/LICENSE-2.0
#
# Unless required by applicable law or agreed to in writing, software
# distributed under the License is distributed on an "AS IS" BASIS, WITHOUT
# WARRANTIES OR CONDITIONS OF ANY KIND, either express or implied. See the
# License for the specific language governing permissions and limitations
# under the License.
#

accept "zilla://streams/net0"
  option zilla:window 65536
  option zilla:transmission "duplex"
  option zilla:byteorder "network"

accepted
connected

read  [0x10 0xa3 0x50]                                 # CONNECT
      [0x00 0x04] "MQTT"                               # protocol name
      [0x05]                                           # protocol version
      [0x06]                                           # flags = will flag, clean start
      [0x00 0x0a]                                      # keep alive = 10s
      [0x05]                                           # properties
      [0x27] 33792                                     # maximum packet size = 33792
      [0x00 0x03] "one"                                # client id
      [0x00]                                           # will properties
      [0x00 0x09] "wills/one"                          # will topic
      [0x28 0x00] [0..10240]                           # will payload

# stand in for "the session stream has been established" for the
# network-only peer test's own sake - in the runtime IT this signal
# actually comes from the application server script instead
write notify SESSION_ESTABLISHED

# CONNACK is only ever sent once the session stream acks (see
# MqttServer#onSessionData), which cannot happen before the will payload
# has been fully forwarded; the client aborts before that, so no CONNACK
# is ever written here
read aborted
