#
# Copyright 2021-2026 Aklivity Inc
#
# Licensed under the Aklivity Community License (the "License"); you may not use
# this file except in compliance with the License.  You may obtain a copy of the
# License at
#
#   https://www.aklivity.io/aklivity-community-license/
#
# Unless required by applicable law or agreed to in writing, software
# distributed under the License is distributed on an "AS IS" BASIS, WITHOUT
# WARRANTIES OF ANY KIND, either express or implied.  See the License for the
# specific language governing permissions and limitations under the License.
#

# session stays half-duplex, the session reply stream is only opened once the
# qos2 session state stream has been established
connect "zilla://streams/mqtt0"
         option zilla:window 8192
         option zilla:transmission "half-duplex"

write zilla:begin.ext ${mqtt:beginEx()
                           .typeId(zilla:id("mqtt"))
                           .session()
                              .flags("WILL", "CLEAN_START")
                              .expiry(1)
                              .publishQosMax(2)
                              .capabilities("REDIRECT")
                              .clientId("client-1")
                              .build()
                           .build()}

connected

# abort while the qos2 partition metadata is still being negotiated,
# no session state stream has been established yet
write await SESSION_META_STREAMS_OPENED
write abort
