#
# Copyright 2021-2026 Aklivity Inc.
#
# Aklivity licenses this file to you under the Apache License,
# version 2.0 (the "License"); you may not use this file except in compliance
# with the License. You may obtain a copy of the License at:
#
#   http://www.apache.org/licenses/LICENSE-2.0
#
# Unless required by applicable law or agreed to in writing, software
# distributed under the License is distributed on an "AS IS" BASIS, WITHOUT
# WARRANTIES OR CONDITIONS OF ANY KIND, either express or implied. See the
# License for the specific language governing permissions and limitations
# under the License.
#

property newTimestamp1 ${kafka:timestamp()}

property serverAddress "zilla://streams/app0"

accept ${serverAddress}
    option zilla:window 8192
    option zilla:transmission "half-duplex"

accepted

read zilla:begin.ext ${kafka:beginEx()
                              .typeId(zilla:id("kafka"))
                              .meta()
                                  .topic("test")
                                  .build()
                              .build()}

connected

write zilla:begin.ext ${kafka:beginEx()
                               .typeId(zilla:id("kafka"))
                               .meta()
                                   .topic("test")
                                   .build()
                               .build()}
write flush

write zilla:data.ext ${kafka:dataEx()
                              .typeId(zilla:id("kafka"))
                              .meta()
                                  .partition(0, 177)
                                  .build()
                              .build()}
write flush

accepted

read zilla:begin.ext ${kafka:beginEx()
                              .typeId(zilla:id("kafka"))
                              .fetch()
                                  .topic("test")
                                  .partition(0, -1)
                                  .build()
                              .build()}

connected

write zilla:begin.ext ${kafka:beginEx()
                               .typeId(zilla:id("kafka"))
                               .fetch()
                                   .topic("test")
                                   .partition(0, 10, 10)
                                   .build()
                               .build()}
write flush

write zilla:data.ext ${kafka:dataEx()
                              .typeId(zilla:id("kafka"))
                              .fetch()
                                  .timestamp(newTimestamp1)
                                  .partition(0, 10, 10)
                                  .build()
                              .build()}
write "Hello, world"
write flush

write await SEND_MESSAGE_2
write zilla:data.ext ${kafka:dataEx()
                              .typeId(zilla:id("kafka"))
                              .fetch()
                                  .timestamp(newTimestamp1)
                                  .partition(0, 20, 20)
                                  .build()
                              .build()}
write "Hello, again"
write flush

read aborted
write aborted

write notify APP1_TEARDOWN_DONE

accepted

read zilla:begin.ext ${kafka:beginEx()
                              .typeId(zilla:id("kafka"))
                              .fetch()
                                  .topic("test")
                                  .partition(0, 21)
                                  .build()
                              .build()}

connected

write zilla:begin.ext ${kafka:beginEx()
                               .typeId(zilla:id("kafka"))
                               .fetch()
                                   .topic("test")
                                   .partition(0, 30, 30)
                                   .build()
                               .build()}
write flush
