#
# Copyright 2021-2026 Aklivity Inc.
#
# Aklivity licenses this file to you under the Apache License,
# version 2.0 (the "License"); you may not use this file except in compliance
# with the License. You may obtain a copy of the License at:
#
#   http://www.apache.org/licenses/LICENSE-2.0
#
# Unless required by applicable law or agreed to in writing, software
# distributed under the License is distributed on an "AS IS" BASIS, WITHOUT
# WARRANTIES OR CONDITIONS OF ANY KIND, either express or implied. See the
# License for the specific language governing permissions and limitations
# under the License.
#

property networkAcceptWindow 8192

accept "zilla://streams/net0"
  option zilla:window ${networkAcceptWindow}
  option zilla:transmission "duplex"
  option zilla:byteorder "network"

accepted

connected

read 27                                # size
      10s                               # find coordinator
      3s                                # v3
      (int:newRequestId1)
      5s "zilla"                        # client id
      [0x00]                            # request header tagged fields
      [0x09] "my-group"                 # group id (key)
      [0x00]                            # key type (group)
      [0x00]                            # tagged fields

write 29                                 # size
      ${newRequestId1}
      [0x00]                             # tagged fields
      0                                  # throttle time ms
      0s                                 # error code
      [0x00]                             # message (null)
      1                                  # node id
      [0x08] "broker1"                   # host
      9092                               # port
      [0x00]                             # tagged fields

write flush

read 28                                # size
      15s                               # describe groups
      5s                                # v5
      (int:newRequestId2)
      5s "zilla"                        # client id
      [0x00]                            # request header tagged fields
      [0x02]                            # group count
      [0x09] "my-group"                 # group id
      [0x00]                            # include authorized operations
      [0x00]                            # tagged fields

write 35                                 # size
      ${newRequestId2}
      [0x00]                             # tagged fields
      0                                  # throttle time ms
      [0x02]                             # groups
        0s                               # error code
        [0x09] "my-group"                # group id
        [0x05] "Dead"                    # group state (never had members)
        [0x01]                           # protocol type (empty)
        [0x01]                           # protocol data (empty)
        [0x01]                           # members (none)
        [0xff 0xff 0xff 0xff]           # authorized operations (-1)
        [0x00]                           # group tagged fields
      [0x00]                             # tagged fields

write flush

accepted

read zilla:begin.ext ${proxy:matchBeginEx()
                              .typeId(zilla:id("proxy"))
                              .addressInet()
                                .protocol("stream")
                                .source("0.0.0.0")
                                .destination("broker1")
                                .sourcePort(0)
                                .destinationPort(9092)
                                .build()
                              .info()
                                .authority("broker1")
                                .build()
                              .build()}
connected

read 67                                # size
      8s                                # offset commit
      7s                                # 7
      (int:newRequestId3)
      5s "zilla"                        # client id
      8s "my-group"                    # group id
      -1                                # generation id (bare admin commit)
      0s                                # member id (empty)
      0s                                # group instance id (empty)
      1                                 # topics
        6s "orders"                     # "orders" topic
        1                               # partitions
          0                             # partition 0
          100L                          # committed offset
          -1                            # committed leader epoch
          0s                            # metadata (empty)

write 30                                 # size
      ${newRequestId3}
      0                                  # throttle time ms
      1                                  # topics
        6s "orders"                        # "orders" topic
        1                                  # partitions
          0                                   # partition index
          0s                                  # no error
